Component: ARM Compiler 5.06 (build 20) Tool: armlink [4d35a3]

==============================================================================

Section Cross References

    system_stm32f4xx.o(.text) refers to system_stm32f4xx.o(.data) for SystemCoreClock
    startup_stm32f40_41xxx.o(STACK) refers (Special) to heapauxi.o(.text) for __use_two_region_memory
    startup_stm32f40_41xxx.o(HEAP) refers (Special) to heapauxi.o(.text) for __use_two_region_memory
    startup_stm32f40_41xxx.o(RESET) refers (Special) to heapauxi.o(.text) for __use_two_region_memory
    startup_stm32f40_41xxx.o(RESET) refers to startup_stm32f40_41xxx.o(STACK) for __initial_sp
    startup_stm32f40_41xxx.o(RESET) refers to startup_stm32f40_41xxx.o(.text) for Reset_Handler
    startup_stm32f40_41xxx.o(RESET) refers to stm32f4xx_it.o(.text) for NMI_Handler
    startup_stm32f40_41xxx.o(RESET) refers to os_cpu_a.o(CODE) for PendSV_Handler
    startup_stm32f40_41xxx.o(RESET) refers to delay.o(.text) for SysTick_Handler
    startup_stm32f40_41xxx.o(.text) refers (Special) to heapauxi.o(.text) for __use_two_region_memory
    startup_stm32f40_41xxx.o(.text) refers to system_stm32f4xx.o(.text) for SystemInit
    startup_stm32f40_41xxx.o(.text) refers to __main.o(!!!main) for __main
    startup_stm32f40_41xxx.o(.text) refers to startup_stm32f40_41xxx.o(HEAP) for Heap_Mem
    startup_stm32f40_41xxx.o(.text) refers to startup_stm32f40_41xxx.o(STACK) for Stack_Mem
    stm32f4xx_gpio.o(.text) refers to stm32f4xx_rcc.o(.text) for RCC_AHB1PeriphResetCmd
    stm32f4xx_rcc.o(.text) refers to stm32f4xx_rcc.o(.data) for APBAHBPrescTable
    stm32f4xx_usart.o(.text) refers to stm32f4xx_rcc.o(.text) for RCC_APB2PeriphResetCmd
    usart.o(.text) refers to stm32f4xx_usart.o(.text) for USART_SendData
    usart.o(.text) refers to c89vsprintf.o(.text) for __c89vsprintf
    usart.o(.text) refers to stm32f4xx_rcc.o(.text) for RCC_AHB1PeriphClockCmd
    usart.o(.text) refers to stm32f4xx_gpio.o(.text) for GPIO_PinAFConfig
    usart.o(.text) refers to usart.o(.bss) for USART_BUF
    delay.o(.text) refers to os_core.o(.text) for OSSchedLock
    delay.o(.text) refers to os_time.o(.text) for OSTimeDly
    delay.o(.text) refers to misc.o(.text) for SysTick_CLKSourceConfig
    delay.o(.text) refers to os_var.o(.data) for OSRunning
    delay.o(.text) refers to delay.o(.data) for fac_us
    delay.o(.text) refers to os_cfg_app.o(.constdata) for OSCfg_TickRate_Hz
    led.o(.text) refers to stm32f4xx_rcc.o(.text) for RCC_AHB1PeriphClockCmd
    led.o(.text) refers to stm32f4xx_gpio.o(.text) for GPIO_Init
    led.o(.text) refers to delay.o(.text) for delay_ms
    main.o(.text) refers to cpu_a.o(.text) for CPU_SR_Save
    main.o(.text) refers to f2d.o(x$fpl$f2d) for __aeabi_f2d
    main.o(.text) refers to usart.o(.text) for kprintf
    main.o(.text) refers to delay.o(.text) for delay_ms
    main.o(.text) refers to os_time.o(.text) for OSTimeDlyHMSM
    main.o(.text) refers to cpu_core.o(.text) for CPU_Init
    main.o(.text) refers to os_stat.o(.text) for OSStatTaskCPUUsageInit
    main.o(.text) refers to os_task.o(.text) for OSTaskCreate
    main.o(.text) refers to led.o(.text) for LED_Init
    main.o(.text) refers to os_core.o(.text) for OSInit
    main.o(.text) refers to main.o(.data) for float_num
    main.o(.text) refers to main.o(.bss) for LED0_TASK_STK
    bsp.o(.text) refers to stm32f4xx_rcc.o(.text) for RCC_GetClocksFreq
    bsp.o(.text) refers to cpu_core.o(.text) for CPU_TS_TmrFreqSet
    bsp.o(.text) refers to lludivv7m.o(.text) for __aeabi_uldivmod
    os_app_hooks.o(.text) refers to cpu_a.o(.text) for CPU_SR_Save
    os_app_hooks.o(.text) refers to os_var.o(.data) for OS_AppTaskCreateHookPtr
    os_cpu_a.o(CODE) refers (Special) to os_core.o(.text) for OSIntExit
    os_cpu_a.o(CODE) refers (Special) to os_var.o(.data) for OSRunning
    os_cpu_a.o(CODE) refers to os_cpu_c.o(.data) for OS_CPU_ExceptStkBase
    os_cpu_a.o(CODE) refers to os_cpu_c.o(.text) for OSTaskSwHook
    os_cpu_c.o(.text) refers to bsp.o(.text) for CPU_TS_TmrRd
    os_cpu_c.o(.text) refers to cpu_a.o(.text) for CPU_SR_Save
    os_cpu_c.o(.text) refers to os_time.o(.text) for OSTimeTick
    os_cpu_c.o(.text) refers to os_core.o(.text) for OSIntExit
    os_cpu_c.o(.text) refers to os_var.o(.data) for OS_AppIdleTaskHookPtr
    os_cpu_c.o(.text) refers to os_cfg_app.o(.constdata) for OSCfg_ISRStkBasePtr
    os_cpu_c.o(.text) refers to os_cpu_c.o(.data) for OS_CPU_ExceptStkBase
    os_cpu_c.o(.text) refers to os_task.o(.text) for OS_TaskReturn
    lib_math.o(.text) refers to cpu_a.o(.text) for CPU_SR_Save
    lib_math.o(.text) refers to lib_math.o(.data) for Math_RandSeedCur
    lib_mem.o(.text) refers to lib_mem_a.o(.text) for Mem_Copy
    lib_mem.o(.text) refers to cpu_a.o(.text) for CPU_SR_Save
    lib_mem.o(.text) refers to lib_mem.o(.bss) for Mem_PoolHeap
    lib_mem.o(.text) refers to lib_mem.o(.data) for Mem_PoolTbl
    lib_str.o(.text) refers to lib_ascii.o(.text) for ASCII_ToLower
[...]
    TIM1_UP_TIM10_IRQHandler                 0x080004ff   Thumb Code     0  startup_stm32f40_41xxx.o(.text)
    TIM2_IRQHandler                          0x080004ff   Thumb Code     0  startup_stm32f40_41xxx.o(.text)
    TIM3_IRQHandler                          0x080004ff   Thumb Code     0  startup_stm32f40_41xxx.o(.text)
    TIM4_IRQHandler                          0x080004ff   Thumb Code     0  startup_stm32f40_41xxx.o(.text)
    TIM5_IRQHandler                          0x080004ff   Thumb Code     0  startup_stm32f40_41xxx.o(.text)
    TIM6_DAC_IRQHandler                      0x080004ff   Thumb Code     0  startup_stm32f40_41xxx.o(.text)
    TIM7_IRQHandler                          0x080004ff   Thumb Code     0  startup_stm32f40_41xxx.o(.text)
    TIM8_BRK_TIM12_IRQHandler                0x080004ff   Thumb Code     0  startup_stm32f40_41xxx.o(.text)
    TIM8_CC_IRQHandler                       0x080004ff   Thumb Code     0  startup_stm32f40_41xxx.o(.text)
    TIM8_TRG_COM_TIM14_IRQHandler            0x080004ff   Thumb Code     0  startup_stm32f40_41xxx.o(.text)
    TIM8_UP_TIM13_IRQHandler                 0x080004ff   Thumb Code     0  startup_stm32f40_41xxx.o(.text)
    UART4_IRQHandler                         0x080004ff   Thumb Code     0  startup_stm32f40_41xxx.o(.text)
    UART5_IRQHandler                         0x080004ff   Thumb Code     0  startup_stm32f40_41xxx.o(.text)
    USART1_IRQHandler                        0x080004ff   Thumb Code     0  startup_stm32f40_41xxx.o(.text)
    USART2_IRQHandler                        0x080004ff   Thumb Code     0  startup_stm32f40_41xxx.o(.text)
    USART3_IRQHandler                        0x080004ff   Thumb Code     0  startup_stm32f40_41xxx.o(.text)
    USART6_IRQHandler                        0x080004ff   Thumb Code     0  startup_stm32f40_41xxx.o(.text)
    WWDG_IRQHandler                          0x080004ff   Thumb Code     0  startup_stm32f40_41xxx.o(.text)
    __user_initial_stackheap                 0x08000501   Thumb Code     0  startup_stm32f40_41xxx.o(.text)
    NVIC_PriorityGroupConfig                 0x08000525   Thumb Code    10  misc.o(.text)
    NVIC_Init                                0x0800052f   Thumb Code   106  misc.o(.text)
    NVIC_SetVectorTable                      0x08000599   Thumb Code    14  misc.o(.text)
    NVIC_SystemLPConfig                      0x080005a7   Thumb Code    34  misc.o(.text)
    SysTick_CLKSourceConfig                  0x080005c9   Thumb Code    40  misc.o(.text)
    GPIO_DeInit                              0x08000605   Thumb Code   268  stm32f4xx_gpio.o(.text)
    GPIO_Init                                0x08000711   Thumb Code   144  stm32f4xx_gpio.o(.text)
    GPIO_StructInit                          0x080007a1   Thumb Code    18  stm32f4xx_gpio.o(.text)
    GPIO_PinLockConfig                       0x080007b3   Thumb Code    34  stm32f4xx_gpio.o(.text)
    GPIO_ReadInputDataBit                    0x080007d5   Thumb Code    18  stm32f4xx_gpio.o(.text)
    GPIO_ReadInputData                       0x080007e7   Thumb Code     8  stm32f4xx_gpio.o(.text)
    GPIO_ReadOutputDataBit                   0x080007ef   Thumb Code    18  stm32f4xx_gpio.o(.text)
    GPIO_ReadOutputData                      0x08000801   Thumb Code     8  stm32f4xx_gpio.o(.text)
    GPIO_SetBits                             0x08000809   Thumb Code     4  stm32f4xx_gpio.o(.text)
    GPIO_ResetBits                           0x0800080d   Thumb Code     4  stm32f4xx_gpio.o(.text)
    GPIO_WriteBit                            0x08000811   Thumb Code    10  stm32f4xx_gpio.o(.text)
    GPIO_Write                               0x0800081b   Thumb Code     4  stm32f4xx_gpio.o(.text)
    GPIO_ToggleBits                          0x0800081f   Thumb Code     8  stm32f4xx_gpio.o(.text)
    GPIO_PinAFConfig                         0x08000827   Thumb Code    70  stm32f4xx_gpio.o(.text)
    RCC_DeInit                               0x08000899   Thumb Code    82  stm32f4xx_rcc.o(.text)
    RCC_HSEConfig                            0x080008eb   Thumb Code    14  stm32f4xx_rcc.o(.text)
    RCC_GetFlagStatus                        0x080008f9   Thumb Code    60  stm32f4xx_rcc.o(.text)
    RCC_WaitForHSEStartUp                    0x08000935   Thumb Code    56  stm32f4xx_rcc.o(.text)
    RCC_AdjustHSICalibrationValue            0x0800096d   Thumb Code    20  stm32f4xx_rcc.o(.text)
    RCC_HSICmd                               0x08000981   Thumb Code     6  stm32f4xx_rcc.o(.text)
    RCC_LSEConfig                            0x08000987   Thumb Code    46  stm32f4xx_rcc.o(.text)
    RCC_LSICmd                               0x080009b5   Thumb Code     6  stm32f4xx_rcc.o(.text)
    RCC_PLLConfig                            0x080009bb   Thumb Code    32  stm32f4xx_rcc.o(.text)
    RCC_PLLCmd                               0x080009db   Thumb Code     6  stm32f4xx_rcc.o(.text)
    RCC_PLLI2SConfig                         0x080009e1   Thumb Code    14  stm32f4xx_rcc.o(.text)
    RCC_PLLI2SCmd                            0x080009ef   Thumb Code     6  stm32f4xx_rcc.o(.text)
    RCC_PLLSAIConfig                         0x080009f5   Thumb Code    20  stm32f4xx_rcc.o(.text)
    RCC_PLLSAICmd                            0x08000a09   Thumb Code     6  stm32f4xx_rcc.o(.text)
    RCC_ClockSecuritySystemCmd               0x08000a0f   Thumb Code     6  stm32f4xx_rcc.o(.text)
    RCC_MCO1Config                           0x08000a15   Thumb Code    28  stm32f4xx_rcc.o(.text)
    RCC_MCO2Config                           0x08000a31   Thumb Code    28  stm32f4xx_rcc.o(.text)
    RCC_SYSCLKConfig                         0x08000a4d   Thumb Code    20  stm32f4xx_rcc.o(.text)
    RCC_GetSYSCLKSource                      0x08000a61   Thumb Code    12  stm32f4xx_rcc.o(.text)
    RCC_HCLKConfig                           0x08000a6d   Thumb Code    20  stm32f4xx_rcc.o(.text)
    RCC_PCLK1Config                          0x08000a81   Thumb Code    20  stm32f4xx_rcc.o(.text)
    RCC_PCLK2Config                          0x08000a95   Thumb Code    22  stm32f4xx_rcc.o(.text)
    RCC_GetClocksFreq                        0x08000aab   Thumb Code   222  stm32f4xx_rcc.o(.text)
    RCC_RTCCLKConfig                         0x08000b89   Thumb Code    54  stm32f4xx_rcc.o(.text)
    RCC_RTCCLKCmd                            0x08000bbf   Thumb Code     8  stm32f4xx_rcc.o(.text)
    RCC_BackupResetCmd                       0x08000bc7   Thumb Code     8  stm32f4xx_rcc.o(.text)
    RCC_I2SCLKConfig                         0x08000bcf   Thumb Code     6  stm32f4xx_rcc.o(.text)
    RCC_SAIBlockACLKConfig                   0x08000bd5   Thumb Code    20  stm32f4xx_rcc.o(.text)
    RCC_SAIBlockBCLKConfig                   0x08000be9   Thumb Code    20  stm32f4xx_rcc.o(.text)
    RCC_SAIPLLI2SClkDivConfig                0x08000bfd   Thumb Code    26  stm32f4xx_rcc.o(.text)
    RCC_SAIPLLSAIClkDivConfig                0x08000c17   Thumb Code    28  stm32f4xx_rcc.o(.text)
    RCC_LTDCCLKDivConfig                     0x08000c33   Thumb Code    20  stm32f4xx_rcc.o(.text)
    RCC_TIMCLKPresConfig                     0x08000c47   Thumb Code     6  stm32f4xx_rcc.o(.text)
    RCC_AHB1PeriphClockCmd                   0x08000c4d   Thumb Code    34  stm32f4xx_rcc.o(.text)
    RCC_AHB2PeriphClockCmd                   0x08000c6f   Thumb Code    78  stm32f4xx_rcc.o(.text)
    RCC_AHB3PeriphClockCmd                   0x08000cbd   Thumb Code    34  stm32f4xx_rcc.o(.text)
    RCC_APB1PeriphClockCmd                   0x08000cdf   Thumb Code    34  stm32f4xx_rcc.o(.text)
    RCC_APB2PeriphClockCmd                   0x08000d01   Thumb Code    34  stm32f4xx_rcc.o(.text)
    RCC_AHB1PeriphResetCmd                   0x08000d23   Thumb Code    34  stm32f4xx_rcc.o(.text)
    RCC_AHB2PeriphResetCmd                   0x08000d45   Thumb Code    34  stm32f4xx_rcc.o(.text)
    RCC_AHB3PeriphResetCmd                   0x08000d67   Thumb Code    34  stm32f4xx_rcc.o(.text)
    RCC_APB1PeriphResetCmd                   0x08000d89   Thumb Code    34  stm32f4xx_rcc.o(.text)
    RCC_APB2PeriphResetCmd                   0x08000dab   Thumb Code    34  stm32f4xx_rcc.o(.text)
    RCC_AHB1PeriphClockLPModeCmd             0x08000dcd   Thumb Code    34  stm32f4xx_rcc.o(.text)
    RCC_AHB2PeriphClockLPModeCmd             0x08000def   Thumb Code    34  stm32f4xx_rcc.o(.text)
    RCC_AHB3PeriphClockLPModeCmd             0x08000e11   Thumb Code    34  stm32f4xx_rcc.o(.text)
    RCC_APB1PeriphClockLPModeCmd             0x08000e33   Thumb Code    34  stm32f4xx_rcc.o(.text)
    RCC_APB2PeriphClockLPModeCmd             0x08000e55   Thumb Code    34  stm32f4xx_rcc.o(.text)
    RCC_LSEModeConfig                        0x08000e77   Thumb Code    40  stm32f4xx_rcc.o(.text)
    RCC_ITConfig                             0x08000e9f   Thumb Code    34  stm32f4xx_rcc.o(.text)
    RCC_ClearFlag                            0x08000ec1   Thumb Code    18  stm32f4xx_rcc.o(.text)
    RCC_GetITStatus                          0x08000ed3   Thumb Code    22  stm32f4xx_rcc.o(.text)
    RCC_ClearITPendingBit                    0x08000ee9   Thumb Code     8  stm32f4xx_rcc.o(.text)
    USART_DeInit                             0x08000ef5   Thumb Code   206  stm32f4xx_usart.o(.text)
    USART_Init                               0x08000fc3   Thumb Code   204  stm32f4xx_usart.o(.text)
    USART_StructInit                         0x0800108f   Thumb Code    24  stm32f4xx_usart.o(.text)
    USART_ClockInit                          0x080010a7   Thumb Code    32  stm32f4xx_usart.o(.text)
    USART_ClockStructInit                    0x080010c7   Thumb Code    12  stm32f4xx_usart.o(.text)
    USART_Cmd                                0x080010d3   Thumb Code    24  stm32f4xx_usart.o(.text)
    USART_SetPrescaler                       0x080010eb   Thumb Code    16  stm32f4xx_usart.o(.text)
    USART_OverSampling8Cmd                   0x080010fb   Thumb Code    22  stm32f4xx_usart.o(.text)
    USART_OneBitMethodCmd                    0x08001111   Thumb Code    24  stm32f4xx_usart.o(.text)
    USART_SendData                           0x08001129   Thumb Code     8  stm32f4xx_usart.o(.text)
    USART_ReceiveData                        0x08001131   Thumb Code    10  stm32f4xx_usart.o(.text)
    USART_SetAddress                         0x0800113b   Thumb Code    18  stm32f4xx_usart.o(.text)
    USART_ReceiverWakeUpCmd                  0x0800114d   Thumb Code    24  stm32f4xx_usart.o(.text)
    USART_WakeUpConfig                       0x08001165   Thumb Code    18  stm32f4xx_usart.o(.text)
    USART_LINBreakDetectLengthConfig         0x08001177   Thumb Code    18  stm32f4xx_usart.o(.text)
    USART_LINCmd                             0x08001189   Thumb Code    24  stm32f4xx_usart.o(.text)
    USART_SendBreak                          0x080011a1   Thumb Code    10  stm32f4xx_usart.o(.text)
    USART_HalfDuplexCmd                      0x080011ab   Thumb Code    24  stm32f4xx_usart.o(.text)
    USART_SetGuardTime                       0x080011c3   Thumb Code    16  stm32f4xx_usart.o(.text)
    USART_SmartCardCmd                       0x080011d3   Thumb Code    24  stm32f4xx_usart.o(.text)
    USART_SmartCardNACKCmd                   0x080011eb   Thumb Code    24  stm32f4xx_usart.o(.text)
    USART_IrDAConfig                         0x08001203   Thumb Code    18  stm32f4xx_usart.o(.text)
    USART_IrDACmd                            0x08001215   Thumb Code    24  stm32f4xx_usart.o(.text)
    USART_DMACmd                             0x0800122d   Thumb Code    18  stm32f4xx_usart.o(.text)
    USART_ITConfig                           0x0800123f   Thumb Code    74  stm32f4xx_usart.o(.text)
    USART_GetFlagStatus                      0x08001289   Thumb Code    26  stm32f4xx_usart.o(.text)
    USART_ClearFlag                          0x080012a3   Thumb Code    18  stm32f4xx_usart.o(.text)
    USART_GetITStatus                        0x080012b5   Thumb Code   118  stm32f4xx_usart.o(.text)
    USART_ClearITPendingBit                  0x0800132b   Thumb Code    30  stm32f4xx_usart.o(.text)
    USART_SendString                         0x08001349   Thumb Code    38  usart.o(.text)
    kprintf                                  0x0800136f   Thumb Code    34  usart.o(.text)
    USART1_Init                              0x08001391   Thumb Code   156  usart.o(.text)
    fputc                                    0x0800142d   Thumb Code    32  usart.o(.text)
    fgetc                                    0x0800144d   Thumb Code    26  usart.o(.text)
    delay_osschedlock                        0x08001481   Thumb Code    10  delay.o(.text)
    delay_osschedunlock                      0x0800148b   Thumb Code    10  delay.o(.text)
    delay_ostimedly                          0x08001495   Thumb Code    16  delay.o(.text)
    SysTick_Handler                          0x080014a5   Thumb Code    24  delay.o(.text)
    delay_init                               0x080014bd   Thumb Code    94  delay.o(.text)
    delay_us                                 0x0800151b   Thumb Code    84  delay.o(.text)
    delay_ms                                 0x0800156f   Thumb Code    66  delay.o(.text)
    LED_Init                                 0x080015c9   Thumb Code    56  led.o(.text)
    LED_flash                                0x08001601   Thumb Code    26  led.o(.text)
    float_task                               0x08001625   Thumb Code    86  main.o(.text)
    led1_task                                0x0800167b   Thumb Code    40  main.o(.text)
    led0_task                                0x080016a3   Thumb Code    62  main.o(.text)
    start_task                               0x080016e1   Thumb Code   204  main.o(.text)
    main                                     0x080017ad   Thumb Code   112  main.o(.text)
    NMI_Handler                              0x08001899   Thumb Code     2  stm32f4xx_it.o(.text)
    HardFault_Handler                        0x0800189b   Thumb Code     4  stm32f4xx_it.o(.text)
    MemManage_Handler                        0x0800189f   Thumb Code     4  stm32f4xx_it.o(.text)
    BusFault_Handler                         0x080018a3   Thumb Code     4  stm32f4xx_it.o(.text)
    UsageFault_Handler                       0x080018a7   Thumb Code     4  stm32f4xx_it.o(.text)
    SVC_Handler                              0x080018ab   Thumb Code     2  stm32f4xx_it.o(.text)
    DebugMon_Handler                         0x080018ad   Thumb Code     2  stm32f4xx_it.o(.text)
    BSP_CPU_ClkFreq                          0x080018b1   Thumb Code    14  bsp.o(.text)
    CPU_TS_TmrInit                           0x080018bf   Thumb Code    44  bsp.o(.text)
    CPU_TS_TmrRd                             0x080018eb   Thumb Code     6  bsp.o(.text)
    CPU_TS32_to_uSec                         0x080018f1   Thumb Code    54  bsp.o(.text)
    OSIdleTaskHook                           0x08001935   Thumb Code    16  os_cpu_c.o(.text)
    OSInitHook                               0x08001945   Thumb Code    28  os_cpu_c.o(.text)
    OSStatTaskHook                           0x08001961   Thumb Code    16  os_cpu_c.o(.text)
    OSTaskCreateHook                         0x08001971   Thumb Code    20  os_cpu_c.o(.text)
    OSTaskDelHook                            0x08001985   Thumb Code    20  os_cpu_c.o(.text)
    OSTaskReturnHook                         0x08001999   Thumb Code    20  os_cpu_c.o(.text)
    OSTaskStkInit                            0x080019ad   Thumb Code   204  os_cpu_c.o(.text)
    OSTaskSwHook                             0x08001a79   Thumb Code   120  os_cpu_c.o(.text)
    OSTimeTickHook                           0x08001af1   Thumb Code    16  os_cpu_c.o(.text)
    OS_CPU_SysTickHandler                    0x08001b01   Thumb Code    52  os_cpu_c.o(.text)
    OS_CPU_SysTickInit                       0x08001b35   Thumb Code    44  os_cpu_c.o(.text)
    ASCII_IsAlpha                            0x08001ba1   Thumb Code    48  lib_ascii.o(.text)
    ASCII_IsAlphaNum                         0x08001bd1   Thumb Code    76  lib_ascii.o(.text)
    ASCII_IsLower                            0x08001c1d   Thumb Code    20  lib_ascii.o(.text)
    ASCII_IsUpper                            0x08001c31   Thumb Code    20  lib_ascii.o(.text)
    ASCII_IsDig                              0x08001c45   Thumb Code    20  lib_ascii.o(.text)
    ASCII_IsDigOct                           0x08001c59   Thumb Code    20  lib_ascii.o(.text)
    ASCII_IsDigHex                           0x08001c6d   Thumb Code    36  lib_ascii.o(.text)
    ASCII_IsBlank                            0x08001c91   Thumb Code    20  lib_ascii.o(.text)
    ASCII_IsSpace                            0x08001ca5   Thumb Code    36  lib_ascii.o(.text)
    ASCII_IsPrint                            0x08001cc9   Thumb Code    20  lib_ascii.o(.text)
    ASCII_IsGraph                            0x08001cdd   Thumb Code    20  lib_ascii.o(.text)
    ASCII_IsPunct                            0x08001cf1   Thumb Code   134  lib_ascii.o(.text)
    ASCII_IsCtrl                             0x08001d77   Thumb Code    26  lib_ascii.o(.text)
    ASCII_ToLower                            0x08001d91   Thumb Code    32  lib_ascii.o(.text)
    ASCII_ToUpper                            0x08001db1   Thumb Code    32  lib_ascii.o(.text)
    ASCII_Cmp                                0x08001dd1   Thumb Code    38  lib_ascii.o(.text)
    Mem_Init                                 0x08001df9   Thumb Code    54  lib_mem.o(.text)
    Mem_Set                                  0x08001e2f   Thumb Code    84  lib_mem.o(.text)
    Mem_Clr                                  0x08001e83   Thumb Code    18  lib_mem.o(.text)
    Mem_Move                                 0x08001e95   Thumb Code   186  lib_mem.o(.text)
    Mem_Cmp                                  0x08001f4f   Thumb Code   192  lib_mem.o(.text)
    Mem_HeapAlloc                            0x08002087   Thumb Code   168  lib_mem.o(.text)
    Mem_SegGetSizeRem                        0x0800212f   Thumb Code   108  lib_mem.o(.text)
    Mem_HeapGetSizeRem                       0x0800219b   Thumb Code    22  lib_mem.o(.text)
    Mem_PoolClr                              0x080021b1   Thumb Code    80  lib_mem.o(.text)
    Mem_PoolCreate                           0x08002201   Thumb Code   838  lib_mem.o(.text)
    Mem_PoolBlkGetNbrAvail                   0x08002547   Thumb Code    52  lib_mem.o(.text)
    Mem_PoolBlkGet                           0x0800257b   Thumb Code   126  lib_mem.o(.text)
    Mem_PoolBlkGetUsedAtIx                   0x080025f9   Thumb Code   140  lib_mem.o(.text)
    Mem_PoolBlkFree                          0x08002685   Thumb Code   152  lib_mem.o(.text)
    Mem_PoolBlkIxGet                         0x0800271d   Thumb Code   162  lib_mem.o(.text)
    Str_Len_N                                0x080027c1   Thumb Code    28  lib_str.o(.text)
    Str_Len                                  0x080027dd   Thumb Code    20  lib_str.o(.text)
    Str_Copy_N                               0x080027f1   Thumb Code    70  lib_str.o(.text)
    Str_Copy                                 0x08002837   Thumb Code    24  lib_str.o(.text)
    Str_Cat_N                                0x0800284f   Thumb Code    90  lib_str.o(.text)
    Str_Cat                                  0x080028a9   Thumb Code    24  lib_str.o(.text)
    Str_Cmp_N                                0x080028c1   Thumb Code   156  lib_str.o(.text)
    Str_Cmp                                  0x0800295d   Thumb Code    24  lib_str.o(.text)
    Str_CmpIgnoreCase_N                      0x08002975   Thumb Code   264  lib_str.o(.text)
    Str_CmpIgnoreCase                        0x08002a7d   Thumb Code    24  lib_str.o(.text)
    Str_Char_N                               0x08002a95   Thumb Code    74  lib_str.o(.text)
    Str_Char                                 0x08002adf   Thumb Code    24  lib_str.o(.text)
    Str_Char_Last_N                          0x08002af7   Thumb Code    76  lib_str.o(.text)
    Str_Char_Last                            0x08002b43   Thumb Code    24  lib_str.o(.text)
    Str_Char_Replace_N                       0x08002b5b   Thumb Code    52  lib_str.o(.text)
    Str_Char_Replace                         0x08002b8f   Thumb Code    28  lib_str.o(.text)
    Str_Str_N                                0x08002bab   Thumb Code   182  lib_str.o(.text)
    Str_Str                                  0x08002c61   Thumb Code    24  lib_str.o(.text)
    Str_FmtNbr_Int32U                        0x08002e55   Thumb Code    46  lib_str.o(.text)
    Str_FmtNbr_Int32S                        0x08002e83   Thumb Code    62  lib_str.o(.text)
    Str_ParseNbr_Int32U                      0x0800307f   Thumb Code    30  lib_str.o(.text)
    Str_ParseNbr_Int32S                      0x0800309d   Thumb Code    74  lib_str.o(.text)
    Mem_Copy                                 0x080030ed   Thumb Code     0  lib_mem_a.o(.text)
    CPU_NameClr                              0x0800330d   Thumb Code    42  cpu_core.o(.text)
    CPU_Init                                 0x0800334d   Thumb Code    12  cpu_core.o(.text)
    CPU_SW_Exception                         0x08003359   Thumb Code     4  cpu_core.o(.text)
    CPU_NameGet                              0x0800335d   Thumb Code    70  cpu_core.o(.text)
    CPU_NameSet                              0x080033a3   Thumb Code    96  cpu_core.o(.text)
    CPU_TS_Get32                             0x08003403   Thumb Code    12  cpu_core.o(.text)
    CPU_TS_Update                            0x0800340f   Thumb Code     2  cpu_core.o(.text)
    CPU_TS_TmrFreqGet                        0x08003411   Thumb Code    30  cpu_core.o(.text)
    CPU_TS_TmrFreqSet                        0x0800342f   Thumb Code     6  cpu_core.o(.text)
    CPU_CntLeadZeros08                       0x08003435   Thumb Code    18  cpu_core.o(.text)
    CPU_CntLeadZeros16                       0x08003447   Thumb Code    18  cpu_core.o(.text)
    CPU_CntLeadZeros32                       0x08003459   Thumb Code    18  cpu_core.o(.text)
    CPU_CntLeadZeros64                       0x0800346b   Thumb Code   188  cpu_core.o(.text)
    CPU_CntTrailZeros08                      0x08003527   Thumb Code    22  cpu_core.o(.text)
    CPU_CntTrailZeros16                      0x0800353d   Thumb Code    22  cpu_core.o(.text)
    CPU_CntTrailZeros32                      0x08003553   Thumb Code    22  cpu_core.o(.text)
    CPU_CntTrailZeros64                      0x08003569   Thumb Code    62  cpu_core.o(.text)
    CPU_IntDis                               0x080035b5   Thumb Code     0  cpu_a.o(.text)
    CPU_IntEn                                0x080035b9   Thumb Code     0  cpu_a.o(.text)
    CPU_SR_Save                              0x080035bd   Thumb Code     0  cpu_a.o(.text)
    CPU_SR_Restore                           0x080035c5   Thumb Code     0  cpu_a.o(.text)
    CPU_WaitForInt                           0x080035cb   Thumb Code     0  cpu_a.o(.text)
    CPU_WaitForExcept                        0x080035cf   Thumb Code     0  cpu_a.o(.text)
    CPU_CntLeadZeros                         0x080035d3   Thumb Code     0  cpu_a.o(.text)
    CPU_CntTrailZeros                        0x080035d9   Thumb Code     0  cpu_a.o(.text)
    CPU_RevBits                              0x080035e3   Thumb Code     0  cpu_a.o(.text)
    OSCfg_Init                               0x080035e9   Thumb Code     2  os_cfg_app.o(.text)
    OS_IdleTask                              0x080035ed   Thumb Code    58  os_core.o(.text)
    OS_IdleTaskInit                          0x08003627   Thumb Code    68  os_core.o(.text)
    OS_RdyListInit                           0x0800366b   Thumb Code    32  os_core.o(.text)
    OSInit                                   0x0800368b   Thumb Code   270  os_core.o(.text)
    OSIntEnter                               0x08003799   Thumb Code    34  os_core.o(.text)
    OSIntExit                                0x080037bb   Thumb Code   188  os_core.o(.text)
    OSSched                                  0x08003877   Thumb Code   130  os_core.o(.text)
    OS_SchedLockTimeMeasStart                0x080038f9   Thumb Code    20  os_core.o(.text)
    OSSchedLock                              0x0800390d   Thumb Code   104  os_core.o(.text)
    OS_SchedLockTimeMeasStop                 0x08003975   Thumb Code    44  os_core.o(.text)
    OSSchedUnlock                            0x080039a1   Thumb Code   274  os_core.o(.text)
    OSStart                                  0x08003ab3   Thumb Code    78  os_core.o(.text)
    OSVersion                                0x08003b01   Thumb Code    12  os_core.o(.text)
    OS_PendDbgNameAdd                        0x08003b0d   Thumb Code    66  os_core.o(.text)
    OS_PendListInsertPrio                    0x08003b4f   Thumb Code   102  os_core.o(.text)
    OS_PendDataInit                          0x08003bb5   Thumb Code    38  os_core.o(.text)
    OS_RdyListRemove                         0x08003bdb   Thumb Code    86  os_core.o(.text)
    OS_TaskBlock                             0x08003c31   Thumb Code    40  os_core.o(.text)
    OS_Pend                                  0x08003c59   Thumb Code    98  os_core.o(.text)
    OS_PendListRemove1                       0x08003cbb   Thumb Code    66  os_core.o(.text)
    OS_PendListRemove                        0x08003cfd   Thumb Code    48  os_core.o(.text)
    OS_PendAbort1                            0x08003d2d   Thumb Code    36  os_core.o(.text)
    OS_RdyListInsertHead                     0x08003d51   Thumb Code    58  os_core.o(.text)
    OS_RdyListInsertTail                     0x08003d8b   Thumb Code    56  os_core.o(.text)
    OS_RdyListInsert                         0x08003dc3   Thumb Code    40  os_core.o(.text)
    OS_PendAbort                             0x08003deb   Thumb Code   234  os_core.o(.text)
    OS_PendDbgNameRemove                     0x08003ed5   Thumb Code    34  os_core.o(.text)
    OS_PendListChangePrio                    0x08003ef7   Thumb Code    70  os_core.o(.text)
    OS_PendListInit                          0x08003f3d   Thumb Code    10  os_core.o(.text)
    OS_PendListInsertHead                    0x08003f47   Thumb Code    32  os_core.o(.text)
    OS_PendObjDel1                           0x08003f67   Thumb Code    36  os_core.o(.text)
    OS_PendObjDel                            0x08003f8b   Thumb Code   176  os_core.o(.text)
    OS_Post1                                 0x0800403b   Thumb Code    42  os_core.o(.text)
    OS_Post                                  0x08004065   Thumb Code   214  os_core.o(.text)
    OS_RdyListMoveHeadToTail                 0x0800413b   Thumb Code    68  os_core.o(.text)
    OS_Dbg_Init                              0x08004181   Thumb Code   146  os_dbg.o(.text)
    OS_FlagDbgListAdd                        0x08004329   Thumb Code    38  os_flag.o(.text)
    OSFlagCreate                             0x0800434f   Thumb Code   116  os_flag.o(.text)
    OS_FlagClr                               0x080043c3   Thumb Code    28  os_flag.o(.text)
    OS_FlagDbgListRemove                     0x080043df   Thumb Code    44  os_flag.o(.text)
    OSFlagDel                                0x0800440b   Thumb Code   306  os_flag.o(.text)
    OS_FlagBlock                             0x0800453d   Thumb Code    54  os_flag.o(.text)
    OSFlagPend                               0x08004573   Thumb Code  1240  os_flag.o(.text)
    OSFlagPendAbort                          0x08004a4b   Thumb Code   236  os_flag.o(.text)
    OSFlagPendGetFlagsRdy                    0x08004b37   Thumb Code    84  os_flag.o(.text)
    OS_FlagTaskRdy                           0x08004b8b   Thumb Code   100  os_flag.o(.text)
    OS_FlagPost                              0x08004bef   Thumb Code   406  os_flag.o(.text)
    OSFlagPost                               0x08004d85   Thumb Code   112  os_flag.o(.text)
    OS_FlagInit                              0x08004df5   Thumb Code    14  os_flag.o(.text)
    OS_MemDbgListAdd                         0x08004e15   Thumb Code    34  os_mem.o(.text)
    OSMemCreate                              0x08004e37   Thumb Code   232  os_mem.o(.text)
    OSMemGet                                 0x08004f1f   Thumb Code   100  os_mem.o(.text)
    OSMemPut                                 0x08004f83   Thumb Code   112  os_mem.o(.text)
    OS_MemInit                               0x08004ff3   Thumb Code    14  os_mem.o(.text)
    OS_MsgPoolInit                           0x08005011   Thumb Code   110  os_msg.o(.text)
    OS_MsgQFreeAll                           0x0800507f   Thumb Code    62  os_msg.o(.text)
    OS_MsgQInit                              0x080050bd   Thumb Code    14  os_msg.o(.text)
    OS_MsgQGet                               0x080050cb   Thumb Code    98  os_msg.o(.text)
    OS_MsgQPut                               0x0800512d   Thumb Code   254  os_msg.o(.text)
    OS_MutexDbgListAdd                       0x08005239   Thumb Code    38  os_mutex.o(.text)
    OSMutexCreate                            0x0800525f   Thumb Code   122  os_mutex.o(.text)
    OS_MutexClr                              0x080052d9   Thumb Code    38  os_mutex.o(.text)
    OS_MutexDbgListRemove                    0x080052ff   Thumb Code    44  os_mutex.o(.text)
    OSMutexDel                               0x0800532b   Thumb Code   442  os_mutex.o(.text)
    OSMutexPend                              0x080054e5   Thumb Code   618  os_mutex.o(.text)
    OSMutexPendAbort                         0x0800574f   Thumb Code   236  os_mutex.o(.text)
    OSMutexPost                              0x0800583b   Thumb Code   354  os_mutex.o(.text)
    OS_MutexInit                             0x0800599d   Thumb Code    14  os_mutex.o(.text)
    OS_PrioInit                              0x080059c5   Thumb Code    20  os_prio.o(.text)
    OS_PrioGetHighest                        0x080059d9   Thumb Code    36  os_prio.o(.text)
    OS_PrioInsert                            0x080059fd   Thumb Code    32  os_prio.o(.text)
    OS_PrioRemove                            0x08005a1d   Thumb Code    32  os_prio.o(.text)
    OS_QDbgListAdd                           0x08005a41   Thumb Code    38  os_q.o(.text)
    OSQCreate                                0x08005a67   Thumb Code   130  os_q.o(.text)
    OS_QClr                                  0x08005ae9   Thumb Code    40  os_q.o(.text)
    OS_QDbgListRemove                        0x08005b11   Thumb Code    44  os_q.o(.text)
    OSQDel                                   0x08005b3d   Thumb Code   306  os_q.o(.text)
    OSQFlush                                 0x08005c6f   Thumb Code   106  os_q.o(.text)
    OSQPend                                  0x08005cd9   Thumb Code   484  os_q.o(.text)
    OSQPendAbort                             0x08005ebd   Thumb Code   236  os_q.o(.text)
    OS_QPost                                 0x08005fa9   Thumb Code   190  os_q.o(.text)
    OSQPost                                  0x08006067   Thumb Code   144  os_q.o(.text)
    OS_QInit                                 0x080060f7   Thumb Code    14  os_q.o(.text)
    OS_SemDbgListAdd                         0x08006119   Thumb Code    38  os_sem.o(.text)
    OSSemCreate                              0x0800613f   Thumb Code   116  os_sem.o(.text)
    OS_SemClr                                0x080061b3   Thumb Code    28  os_sem.o(.text)
    OS_SemDbgListRemove                      0x080061cf   Thumb Code    44  os_sem.o(.text)
    OSSemDel                                 0x080061fb   Thumb Code   306  os_sem.o(.text)
    OSSemPend                                0x0800632d   Thumb Code   406  os_sem.o(.text)
    OSSemPendAbort                           0x080064c3   Thumb Code   278  os_sem.o(.text)
    OS_SemPost                               0x080065d9   Thumb Code   294  os_sem.o(.text)
    OSSemPost                                0x080066ff   Thumb Code   108  os_sem.o(.text)
    OSSemSet                                 0x0800676b   Thumb Code   120  os_sem.o(.text)
    OS_SemInit                               0x080067e3   Thumb Code    14  os_sem.o(.text)
    OSStatReset                              0x08006801   Thumb Code   262  os_stat.o(.text)
    OSStatTaskCPUUsageInit                   0x08006907   Thumb Code   212  os_stat.o(.text)
    OS_StatTask                              0x080069db   Thumb Code   766  os_stat.o(.text)
    OS_StatTaskInit                          0x08006cd9   Thumb Code   138  os_stat.o(.text)
    OSTaskChangePrio                         0x08006da9   Thumb Code   274  os_task.o(.text)
    OS_TaskDbgListAdd                        0x08006ebb   Thumb Code    42  os_task.o(.text)
    OS_TaskInitTCB                           0x08006ee5   Thumb Code   166  os_task.o(.text)
    OSTaskCreate                             0x08006f8b   Thumb Code   392  os_task.o(.text)
    OS_TaskDbgListRemove                     0x08007113   Thumb Code    64  os_task.o(.text)
    OSTaskDel                                0x08007153   Thumb Code   320  os_task.o(.text)
    OSTaskQFlush                             0x08007293   Thumb Code   110  os_task.o(.text)
    OSTaskQPend                              0x08007301   Thumb Code   458  os_task.o(.text)
    OSTaskQPendAbort                         0x080074cb   Thumb Code   186  os_task.o(.text)
    OS_TaskQPost                             0x08007585   Thumb Code   236  os_task.o(.text)
    OSTaskQPost                              0x08007671   Thumb Code    82  os_task.o(.text)
    OSTaskRegGet                             0x080076c3   Thumb Code    78  os_task.o(.text)
    OSTaskRegGetID                           0x08007711   Thumb Code    84  os_task.o(.text)
    OSTaskRegSet                             0x08007765   Thumb Code    78  os_task.o(.text)
    OS_TaskResume                            0x080077b3   Thumb Code   256  os_task.o(.text)
    OSTaskResume                             0x080078b3   Thumb Code    96  os_task.o(.text)
    OSTaskSemPend                            0x08007913   Thumb Code   482  os_task.o(.text)
    OSTaskSemPendAbort                       0x08007af5   Thumb Code   214  os_task.o(.text)
    OS_TaskSemPost                           0x08007bcb   Thumb Code   448  os_task.o(.text)
    OSTaskSemPost                            0x08007d8b   Thumb Code    62  os_task.o(.text)
    OSTaskSemSet                             0x08007dc9   Thumb Code    80  os_task.o(.text)
    OSTaskStkChk                             0x08007e19   Thumb Code   212  os_task.o(.text)
    OS_TaskSuspend                           0x08007eed   Thumb Code   272  os_task.o(.text)
    OSTaskSuspend                            0x08007ffd   Thumb Code    48  os_task.o(.text)
    OS_TaskInit                              0x0800802d   Thumb Code    18  os_task.o(.text)
    OS_TaskReturn                            0x0800803f   Thumb Code    20  os_task.o(.text)
    OS_TickTask                              0x080081d3   Thumb Code    98  os_tick.o(.text)
    OS_TickTaskInit                          0x08008235   Thumb Code   142  os_tick.o(.text)
    OS_TickListInsert                        0x080082c3   Thumb Code   134  os_tick.o(.text)
    OS_TickListInsertDly                     0x08008349   Thumb Code   180  os_tick.o(.text)
    OS_TickListRemove                        0x080083fd   Thumb Code    88  os_tick.o(.text)
    OS_TickListResetPeak                     0x08008455   Thumb Code     2  os_tick.o(.text)
    OSTimeDly                                0x08008499   Thumb Code   172  os_time.o(.text)
    OSTimeDlyHMSM                            0x08008545   Thumb Code   384  os_time.o(.text)
    OSTimeDlyResume                          0x080086c5   Thumb Code   334  os_time.o(.text)
    OSTimeGet                                0x08008813   Thumb Code    46  os_time.o(.text)
    OSTimeSet                                0x08008841   Thumb Code    46  os_time.o(.text)
    OSTimeTick                               0x0800886f   Thumb Code    86  os_time.o(.text)
    OS_TmrDbgListAdd                         0x080088d3   Thumb Code    34  os_tmr.o(.text)
    OSTmrCreate                              0x08008909   Thumb Code   166  os_tmr.o(.text)
    OS_TmrClr                                0x080089af   Thumb Code    34  os_tmr.o(.text)
    OS_TmrUnlink                             0x080089d1   Thumb Code    58  os_tmr.o(.text)
    OS_TmrDbgListRemove                      0x08008a0b   Thumb Code    44  os_tmr.o(.text)
    OSTmrDel                                 0x08008a37   Thumb Code   182  os_tmr.o(.text)
    OSTmrRemainGet                           0x08008aed   Thumb Code   154  os_tmr.o(.text)
    OSTmrStart                               0x08008b87   Thumb Code   240  os_tmr.o(.text)
    OSTmrStateGet                            0x08008c77   Thumb Code   140  os_tmr.o(.text)
    OSTmrStop                                0x08008d03   Thumb Code   222  os_tmr.o(.text)
    OS_TmrTask                               0x08008de1   Thumb Code   134  os_tmr.o(.text)
    OS_TmrInit                               0x08008e67   Thumb Code   202  os_tmr.o(.text)
    OS_TmrResetPeak                          0x08008f31   Thumb Code     2  os_tmr.o(.text)
    __aeabi_uldivmod                         0x08008fa5   Thumb Code     0  lludivv7m.o(.text)
    _ll_udiv                                 0x08008fa5   Thumb Code   238  lludivv7m.o(.text)
    __c89vsprintf                            0x08009095   Thumb Code    32  c89vsprintf.o(.text)
    __use_two_region_memory                  0x080090b9   Thumb Code     2  heapauxi.o(.text)
    __rt_heap_escrow$2region                 0x080090bb   Thumb Code     2  heapauxi.o(.text)
    __rt_heap_expand$2region                 0x080090bd   Thumb Code     2  heapauxi.o(.text)
    _printf_pre_padding                      0x080090bf   Thumb Code    44  _printf_pad.o(.text)
    _printf_post_padding                     0x080090eb   Thumb Code    34  _printf_pad.o(.text)
    _printf_truncate_signed                  0x0800910d   Thumb Code    18  _printf_truncate.o(.text)
    _printf_truncate_unsigned                0x0800911f   Thumb Code    18  _printf_truncate.o(.text)
    _printf_str                              0x08009131   Thumb Code    82  _printf_str.o(.text)
    _printf_int_dec                          0x08009185   Thumb Code   104  _printf_dec.o(.text)
    _printf_charcount                        0x080091fd   Thumb Code    40  _printf_charcount.o(.text)
    _printf_char_common                      0x0800922f   Thumb Code    32  _printf_char_common.o(.text)
    _sputc                                   0x08009255   Thumb Code    10  _sputc.o(.text)
    _printf_wctomb                           0x08009261   Thumb Code   182  _printf_wctomb.o(.text)
    _printf_longlong_dec                     0x0800931d   Thumb Code   108  _printf_longlong_dec.o(.text)
    _printf_longlong_oct                     0x08009399   Thumb Code    68  _printf_oct_int_ll.o(.text)
    _printf_int_oct                          0x080093dd   Thumb Code    24  _printf_oct_int_ll.o(.text)
    _printf_ll_oct                           0x080093f5   Thumb Code    12  _printf_oct_int_ll.o(.text)
    _printf_longlong_hex                     0x08009409   Thumb Code    86  _printf_hex_int_ll_ptr.o(.text)
    _printf_int_hex                          0x0800945f   Thumb Code    28  _printf_hex_int_ll_ptr.o(.text)
    _printf_ll_hex                           0x0800947b   Thumb Code    12  _printf_hex_int_ll_ptr.o(.text)
    _printf_hex_ptr                          0x08009487   Thumb Code    18  _printf_hex_int_ll_ptr.o(.text)
    __printf                                 0x0800949d   Thumb Code   388  __printf_flags_ss_wp.o(.text)
    _ll_udiv10                               0x08009625   Thumb Code   138  lludiv10.o(.text)
    _printf_int_common                       0x080096af   Thumb Code   178  _printf_intcommon.o(.text)
    __lib_sel_fp_printf                      0x08009761   Thumb Code     2  _printf_fp_dec.o(.text)
    _printf_fp_dec_real                      0x0800990f   Thumb Code   620  _printf_fp_dec.o(.text)
    _printf_cs_common                        0x08009b7b   Thumb Code    20  _printf_char.o(.text)
    _printf_char                             0x08009b8f   Thumb Code    16  _printf_char.o(.text)
    _printf_string                           0x08009b9f   Thumb Code     8  _printf_char.o(.text)
    _printf_lcs_common                       0x08009ba7   Thumb Code    20  _printf_wchar.o(.text)
    _printf_wchar                            0x08009bbb   Thumb Code    16  _printf_wchar.o(.text)
    _printf_wstring                          0x08009bcb   Thumb Code     8  _printf_wchar.o(.text)
    _wcrtomb                                 0x08009bd3   Thumb Code    64  _wcrtomb.o(.text)
    __user_setup_stackheap                   0x08009c13   Thumb Code    74  sys_stackheap_outer.o(.text)
    __rt_ctype_table                         0x08009c5d   Thumb Code    16  rt_ctype_table.o(.text)
    __rt_locale                              0x08009c6d   Thumb Code     8  rt_locale_intlibspace.o(.text)
    _printf_fp_infnan                        0x08009c75   Thumb Code   112  _printf_fp_infnan.o(.text)
    _btod_etento                             0x08009cf5   Thumb Code   216  bigflt0.o(.text)
    exit                                     0x08009dd1   Thumb Code    18  exit.o(.text)
    __user_libspace                          0x08009de5   Thumb Code     8  libspace.o(.text)
    __user_perproc_libspace                  0x08009de5   Thumb Code     0  libspace.o(.text)
    __user_perthread_libspace                0x08009de5   Thumb Code     0  libspace.o(.text)
    strcmp                                   0x08009ded   Thumb Code   128  strcmpv7m.o(.text)
    _sys_exit                                0x08009e6d   Thumb Code     8  sys_exit.o(.text)
    __I$use$semihosting                      0x08009e79   Thumb Code     0  use_no_semi.o(.text)
    __use_no_semihosting_swi                 0x08009e79   Thumb Code     2  use_no_semi.o(.text)
    __semihosting_library_function           0x08009e7b   Thumb Code     0  indicate_semi.o(.text)
    _btod_d2e                                0x08009e7b   Thumb Code    62  btod.o(CL$$btod_d2e)
    _d2e_denorm_low                          0x08009eb9   Thumb Code    70  btod.o(CL$$btod_d2e_denorm_low)
    _d2e_norm_op1                            0x08009eff   Thumb Code    96  btod.o(CL$$btod_d2e_norm_op1)
    __btod_div_common                        0x08009f5f   Thumb Code   696  btod.o(CL$$btod_div_common)
    _e2e                                     0x0800a297   Thumb Code   198  btod.o(CL$$btod_e2e)
    _btod_ediv                               0x0800a35d   Thumb Code    40  btod.o(CL$$btod_ediv)
    _btod_emul                               0x0800a385   Thumb Code    40  btod.o(CL$$btod_emul)
    __btod_mult_common                       0x0800a3ad   Thumb Code   580  btod.o(CL$$btod_mult_common)
    OSStartHighRdy                           0x0800a5f1   Thumb Code     0  os_cpu_a.o(CODE)
    OSCtxSw                                  0x0800a613   Thumb Code     0  os_cpu_a.o(CODE)
    OSIntCtxSw                               0x0800a61d   Thumb Code     0  os_cpu_a.o(CODE)
    PendSV_Handler                           0x0800a627   Thumb Code     0  os_cpu_a.o(CODE)
    __ARM_fpclassify                         0x0800a69d   Thumb Code    48  fpclassify.o(i.__ARM_fpclassify)
    _is_digit                                0x0800a6cd   Thumb Code    14  __printf_wp.o(i._is_digit)
    _get_lc_numeric                          0x0800a6dd   Thumb Code    44  lc_numeric_c.o(locale$$code)
    _get_lc_ctype                            0x0800a709   Thumb Code    44  lc_ctype_c.o(locale$$code)
    __fpl_dretinf                            0x0800a735   Thumb Code    12  dretinf.o(x$fpl$dretinf)
    __aeabi_f2d                              0x0800a741   Thumb Code     0  f2d.o(x$fpl$f2d)
    _f2d                                     0x0800a741   Thumb Code    86  f2d.o(x$fpl$f2d)
    __fpl_fnaninf                            0x0800a797   Thumb Code   140  fnaninf.o(x$fpl$fnaninf)
    _fp_init                                 0x0800a823   Thumb Code    10  fpinit.o(x$fpl$fpinit)
    __fplib_config_fpu_vfp                   0x0800a82b   Thumb Code     0  fpinit.o(x$fpl$fpinit)
    __fplib_config_pureend_doubles           0x0800a82b   Thumb Code     0  fpinit.o(x$fpl$fpinit)
    _printf_fp_dec                           0x0800a82d   Thumb Code     4  printf1.o(x$fpl$printf1)
    __I$use$fp                               0x0800a830   Number         0  usenofp.o(x$fpl$usenofp)
    CPU_EndiannessTest                       0x0800a9c4   Data           4  cpu_core.o(.constdata)
    OSCfg_IdleTaskStkBasePtr                 0x0800a9c8   Data           4  os_cfg_app.o(.constdata)
    OSCfg_IdleTaskStkLimit                   0x0800a9cc   Data           4  os_cfg_app.o(.constdata)
    OSCfg_IdleTaskStkSize                    0x0800a9d0   Data           4  os_cfg_app.o(.constdata)
    OSCfg_IdleTaskStkSizeRAM                 0x0800a9d4   Data           4  os_cfg_app.o(.constdata)
    OSCfg_IntQBasePtr                        0x0800a9d8   Data           4  os_cfg_app.o(.constdata)
    OSCfg_IntQSize                           0x0800a9dc   Data           2  os_cfg_app.o(.constdata)
    OSCfg_IntQSizeRAM                        0x0800a9e0   Data           4  os_cfg_app.o(.constdata)
    OSCfg_IntQTaskStkBasePtr                 0x0800a9e4   Data           4  os_cfg_app.o(.constdata)
    OSCfg_IntQTaskStkLimit                   0x0800a9e8   Data           4  os_cfg_app.o(.constdata)
    OSCfg_IntQTaskStkSize                    0x0800a9ec   Data           4  os_cfg_app.o(.constdata)
    OSCfg_IntQTaskStkSizeRAM                 0x0800a9f0   Data           4  os_cfg_app.o(.constdata)
    OSCfg_ISRStkBasePtr                      0x0800a9f4   Data           4  os_cfg_app.o(.constdata)
    OSCfg_ISRStkSize                         0x0800a9f8   Data           4  os_cfg_app.o(.constdata)
    OSCfg_ISRStkSizeRAM                      0x0800a9fc   Data           4  os_cfg_app.o(.constdata)
    OSCfg_MsgPoolSize                        0x0800aa00   Data           2  os_cfg_app.o(.constdata)
    OSCfg_MsgPoolSizeRAM                     0x0800aa04   Data           4  os_cfg_app.o(.constdata)
    OSCfg_MsgPoolBasePtr                     0x0800aa08   Data           4  os_cfg_app.o(.constdata)
    OSCfg_StatTaskPrio                       0x0800aa0c   Data           1  os_cfg_app.o(.constdata)
    OSCfg_StatTaskRate_Hz                    0x0800aa10   Data           4  os_cfg_app.o(.constdata)
    OSCfg_StatTaskStkBasePtr                 0x0800aa14   Data           4  os_cfg_app.o(.constdata)
    OSCfg_StatTaskStkLimit                   0x0800aa18   Data           4  os_cfg_app.o(.constdata)
    OSCfg_StatTaskStkSize                    0x0800aa1c   Data           4  os_cfg_app.o(.constdata)
    OSCfg_StatTaskStkSizeRAM                 0x0800aa20   Data           4  os_cfg_app.o(.constdata)
    OSCfg_StkSizeMin                         0x0800aa24   Data           4  os_cfg_app.o(.constdata)
    OSCfg_TickRate_Hz                        0x0800aa28   Data           4  os_cfg_app.o(.constdata)
    OSCfg_TickTaskPrio                       0x0800aa2c   Data           1  os_cfg_app.o(.constdata)
    OSCfg_TickTaskStkBasePtr                 0x0800aa30   Data           4  os_cfg_app.o(.constdata)
    OSCfg_TickTaskStkLimit                   0x0800aa34   Data           4  os_cfg_app.o(.constdata)
    OSCfg_TickTaskStkSize                    0x0800aa38   Data           4  os_cfg_app.o(.constdata)
    OSCfg_TickTaskStkSizeRAM                 0x0800aa3c   Data           4  os_cfg_app.o(.constdata)
    OSCfg_TmrTaskPrio                        0x0800aa40   Data           1  os_cfg_app.o(.constdata)
    OSCfg_TmrTaskRate_Hz                     0x0800aa44   Data           4  os_cfg_app.o(.constdata)
    OSCfg_TmrTaskStkBasePtr                  0x0800aa48   Data           4  os_cfg_app.o(.constdata)
    OSCfg_TmrTaskStkLimit                    0x0800aa4c   Data           4  os_cfg_app.o(.constdata)
    OSCfg_TmrTaskStkSize                     0x0800aa50   Data           4  os_cfg_app.o(.constdata)
    OSCfg_TmrTaskStkSizeRAM                  0x0800aa54   Data           4  os_cfg_app.o(.constdata)
    OSCfg_DataSizeRAM                        0x0800aa58   Data           4  os_cfg_app.o(.constdata)
    OSDbg_DbgEn                              0x0800aa5c   Data           1  os_dbg.o(.constdata)
    OSDbg_ArgChkEn                           0x0800aa5d   Data           1  os_dbg.o(.constdata)
    OSDbg_AppHooksEn                         0x0800aa5e   Data           1  os_dbg.o(.constdata)
    OSDbg_EndiannessTest                     0x0800aa60   Data           4  os_dbg.o(.constdata)
    OSDbg_CalledFromISRChkEn                 0x0800aa64   Data           1  os_dbg.o(.constdata)
    OSDbg_FlagEn                             0x0800aa65   Data           1  os_dbg.o(.constdata)
    OSDbg_FlagGrp                            0x0800aa68   Data          40  os_dbg.o(.constdata)
    OSDbg_FlagDelEn                          0x0800aa90   Data           1  os_dbg.o(.constdata)
    OSDbg_FlagModeClrEn                      0x0800aa91   Data           1  os_dbg.o(.constdata)
    OSDbg_FlagPendAbortEn                    0x0800aa92   Data           1  os_dbg.o(.constdata)
    OSDbg_FlagGrpSize                        0x0800aa94   Data           2  os_dbg.o(.constdata)
    OSDbg_FlagWidth                          0x0800aa96   Data           2  os_dbg.o(.constdata)
    OSDbg_IntQ                               0x0800aa98   Data           2  os_dbg.o(.constdata)
    OSDbg_ISRPostDeferredEn                  0x0800aa9a   Data           1  os_dbg.o(.constdata)
    OSDbg_Mem                                0x0800aa9c   Data          32  os_dbg.o(.constdata)
    OSDbg_MemEn                              0x0800aabc   Data           1  os_dbg.o(.constdata)
    OSDbg_MemSize                            0x0800aabe   Data           2  os_dbg.o(.constdata)
    OSDbg_MsgEn                              0x0800aac0   Data           1  os_dbg.o(.constdata)
    OSDbg_MsgSize                            0x0800aac2   Data           2  os_dbg.o(.constdata)
    OSDbg_MsgPoolSize                        0x0800aac4   Data           2  os_dbg.o(.constdata)
    OSDbg_MsgQSize                           0x0800aac6   Data           2  os_dbg.o(.constdata)
    OSDbg_Mutex                              0x0800aac8   Data          44  os_dbg.o(.constdata)
    OSDbg_MutexEn                            0x0800aaf4   Data           1  os_dbg.o(.constdata)
    OSDbg_MutexDelEn                         0x0800aaf5   Data           1  os_dbg.o(.constdata)
    OSDbg_MutexPendAbortEn                   0x0800aaf6   Data           1  os_dbg.o(.constdata)
    OSDbg_MutexSize                          0x0800aaf8   Data           2  os_dbg.o(.constdata)
    OSDbg_ObjTypeChkEn                       0x0800aafa   Data           1  os_dbg.o(.constdata)
    OSDbg_PendMultiEn                        0x0800aafb   Data           1  os_dbg.o(.constdata)
    OSDbg_PendDataSize                       0x0800aafc   Data           2  os_dbg.o(.constdata)
    OSDbg_PendListSize                       0x0800aafe   Data           2  os_dbg.o(.constdata)
    OSDbg_PendObjSize                        0x0800ab00   Data           2  os_dbg.o(.constdata)
    OSDbg_PrioMax                            0x0800ab02   Data           2  os_dbg.o(.constdata)
    OSDbg_PrioTblSize                        0x0800ab04   Data           2  os_dbg.o(.constdata)
    OSDbg_PtrSize                            0x0800ab06   Data           2  os_dbg.o(.constdata)
    OSDbg_Q                                  0x0800ab08   Data          48  os_dbg.o(.constdata)
    OSDbg_QEn                                0x0800ab38   Data           1  os_dbg.o(.constdata)
    OSDbg_QDelEn                             0x0800ab39   Data           1  os_dbg.o(.constdata)
    OSDbg_QFlushEn                           0x0800ab3a   Data           1  os_dbg.o(.constdata)
    OSDbg_QPendAbortEn                       0x0800ab3b   Data           1  os_dbg.o(.constdata)
    OSDbg_QSize                              0x0800ab3c   Data           2  os_dbg.o(.constdata)
    OSDbg_SchedRoundRobinEn                  0x0800ab3e   Data           1  os_dbg.o(.constdata)
    OSDbg_Sem                                0x0800ab40   Data          40  os_dbg.o(.constdata)
    OSDbg_SemEn                              0x0800ab68   Data           1  os_dbg.o(.constdata)
    OSDbg_SemDelEn                           0x0800ab69   Data           1  os_dbg.o(.constdata)
    OSDbg_SemPendAbortEn                     0x0800ab6a   Data           1  os_dbg.o(.constdata)
    OSDbg_SemSetEn                           0x0800ab6b   Data           1  os_dbg.o(.constdata)
    OSDbg_SemSize                            0x0800ab6c   Data           2  os_dbg.o(.constdata)
    OSDbg_RdyList                            0x0800ab6e   Data           2  os_dbg.o(.constdata)
    OSDbg_RdyListSize                        0x0800ab70   Data           4  os_dbg.o(.constdata)
    OSDbg_StkWidth                           0x0800ab74   Data           1  os_dbg.o(.constdata)
    OSDbg_StatTaskEn                         0x0800ab75   Data           1  os_dbg.o(.constdata)
    OSDbg_StatTaskStkChkEn                   0x0800ab76   Data           1  os_dbg.o(.constdata)
    OSDbg_TaskChangePrioEn                   0x0800ab77   Data           1  os_dbg.o(.constdata)
    OSDbg_TaskDelEn                          0x0800ab78   Data           1  os_dbg.o(.constdata)
    OSDbg_TaskQEn                            0x0800ab79   Data           1  os_dbg.o(.constdata)
    OSDbg_TaskQPendAbortEn                   0x0800ab7a   Data           1  os_dbg.o(.constdata)
    OSDbg_TaskProfileEn                      0x0800ab7b   Data           1  os_dbg.o(.constdata)
    OSDbg_TaskRegTblSize                     0x0800ab7c   Data           2  os_dbg.o(.constdata)
    OSDbg_TaskSemPendAbortEn                 0x0800ab7e   Data           1  os_dbg.o(.constdata)
    OSDbg_TaskSuspendEn                      0x0800ab7f   Data           1  os_dbg.o(.constdata)
    OSDbg_TCBSize                            0x0800ab80   Data           2  os_dbg.o(.constdata)
    OSDbg_TickListSize                       0x0800ab82   Data           2  os_dbg.o(.constdata)
    OSDbg_TimeDlyHMSMEn                      0x0800ab84   Data           1  os_dbg.o(.constdata)
    OSDbg_TimeDlyResumeEn                    0x0800ab85   Data           1  os_dbg.o(.constdata)
    OSDbg_TLS_TblSize                        0x0800ab86   Data           2  os_dbg.o(.constdata)
    OSDbg_Tmr                                0x0800ab88   Data          48  os_dbg.o(.constdata)
    OSDbg_TmrEn                              0x0800abb8   Data           1  os_dbg.o(.constdata)
    OSDbg_TmrDelEn                           0x0800abb9   Data           1  os_dbg.o(.constdata)
    OSDbg_TmrSize                            0x0800abba   Data           2  os_dbg.o(.constdata)
    OSDbg_VersionNbr                         0x0800abbc   Data           2  os_dbg.o(.constdata)
    OSDbg_DataSize                           0x0800abc0   Data           4  os_dbg.o(.constdata)
    Region$$Table$$Base                      0x0800ac9c   Number         0  anon$$obj.o(Region$$Table)
    Region$$Table$$Limit                     0x0800acbc   Number         0  anon$$obj.o(Region$$Table)
    __ctype                                  0x0800ace5   Data           0  lc_ctype_c.o(locale$$data)
    SystemCoreClock                          0x20000000   Data           4  system_stm32f4xx.o(.data)
    AHBPrescTable                            0x20000004   Data          16  system_stm32f4xx.o(.data)
    OS_CPU_ExceptStkBase                     0x2000002c   Data           4  os_cpu_c.o(.data)
    Mem_PoolTbl                              0x20000030   Data           4  lib_mem.o(.data)
    CPU_TS_TmrFreq_Hz                        0x20000034   Data           4  cpu_core.o(.data)
    OSPrioTbl                                0x20000038   Data           8  os_prio.o(.data)
    OS_AppTaskCreateHookPtr                  0x20000040   Data           4  os_var.o(.data)
    OS_AppTaskDelHookPtr                     0x20000044   Data           4  os_var.o(.data)
    OS_AppTaskReturnHookPtr                  0x20000048   Data           4  os_var.o(.data)
    OS_AppIdleTaskHookPtr                    0x2000004c   Data           4  os_var.o(.data)
    OS_AppStatTaskHookPtr                    0x20000050   Data           4  os_var.o(.data)
    OS_AppTaskSwHookPtr                      0x20000054   Data           4  os_var.o(.data)
    OS_AppTimeTickHookPtr                    0x20000058   Data           4  os_var.o(.data)
    OSIdleTaskCtr                            0x2000005c   Data           4  os_var.o(.data)
    OSIntNestingCtr                          0x20000060   Data           1  os_var.o(.data)
    OSRunning                                0x20000061   Data           1  os_var.o(.data)
    OSFlagDbgListPtr                         0x20000064   Data           4  os_var.o(.data)
    OSFlagQty                                0x20000068   Data           2  os_var.o(.data)
    OSMemDbgListPtr                          0x2000006c   Data           4  os_var.o(.data)
    OSMemQty                                 0x20000070   Data           2  os_var.o(.data)
    OSMutexDbgListPtr                        0x20000074   Data           4  os_var.o(.data)
    OSMutexQty                               0x20000078   Data           2  os_var.o(.data)
    OSPrioCur                                0x2000007a   Data           1  os_var.o(.data)
    OSPrioHighRdy                            0x2000007b   Data           1  os_var.o(.data)
    OSPrioSaved                              0x2000007c   Data           1  os_var.o(.data)
    OSQDbgListPtr                            0x20000080   Data           4  os_var.o(.data)
    OSQQty                                   0x20000084   Data           2  os_var.o(.data)
    OSSchedLockTimeBegin                     0x20000088   Data           4  os_var.o(.data)
    OSSchedLockTimeMax                       0x2000008c   Data           4  os_var.o(.data)
    OSSchedLockTimeMaxCur                    0x20000090   Data           4  os_var.o(.data)
    OSSchedLockNestingCtr                    0x20000094   Data           1  os_var.o(.data)
    OSSemDbgListPtr                          0x20000098   Data           4  os_var.o(.data)
    OSSemQty                                 0x2000009c   Data           2  os_var.o(.data)
    OSStatResetFlag                          0x2000009e   Data           1  os_var.o(.data)
    OSStatTaskCPUUsage                       0x200000a0   Data           2  os_var.o(.data)
    OSStatTaskCPUUsageMax                    0x200000a2   Data           2  os_var.o(.data)
    OSStatTaskCtr                            0x200000a4   Data           4  os_var.o(.data)
    OSStatTaskCtrMax                         0x200000a8   Data           4  os_var.o(.data)
    OSStatTaskCtrRun                         0x200000ac   Data           4  os_var.o(.data)
    OSStatTaskRdy                            0x200000b0   Data           1  os_var.o(.data)
    OSStatTaskTimeMax                        0x200000b4   Data           4  os_var.o(.data)
    OSTaskCtxSwCtr                           0x200000b8   Data           4  os_var.o(.data)
    OSTaskDbgListPtr                         0x200000bc   Data           4  os_var.o(.data)
    OSTaskQty                                0x200000c0   Data           2  os_var.o(.data)
    OSTaskRegNextAvailID                     0x200000c2   Data           1  os_var.o(.data)
    OSTickCtr                                0x200000c4   Data           4  os_var.o(.data)
    OSTickTaskTimeMax                        0x200000c8   Data           4  os_var.o(.data)
    OSTickListDly                            0x200000cc   Data           8  os_var.o(.data)
    OSTickListTimeout                        0x200000d4   Data           8  os_var.o(.data)
    OSTmrDbgListPtr                          0x200000dc   Data           4  os_var.o(.data)
    OSTmrListEntries                         0x200000e0   Data           2  os_var.o(.data)
    OSTmrListPtr                             0x200000e4   Data           4  os_var.o(.data)
    OSTmrQty                                 0x200000e8   Data           2  os_var.o(.data)
    OSTmrTaskTimeMax                         0x200000ec   Data           4  os_var.o(.data)
    OSTmrTickCtr                             0x200000f0   Data           4  os_var.o(.data)
    OSTmrUpdateCnt                           0x200000f4   Data           4  os_var.o(.data)
    OSTmrUpdateCtr                           0x200000f8   Data           4  os_var.o(.data)
    OSTCBCurPtr                              0x200000fc   Data           4  os_var.o(.data)
    OSTCBHighRdyPtr                          0x20000100   Data           4  os_var.o(.data)
    USART_BUF                                0x20000104   Data         100  usart.o(.bss)
    StartTaskTCB                             0x20000168   Data         184  main.o(.bss)
    START_TASK_STK                           0x20000220   Data        2048  main.o(.bss)
    Led0TaskTCB                              0x20000a20   Data         184  main.o(.bss)
    LED0_TASK_STK                            0x20000ad8   Data         512  main.o(.bss)
    Led1TaskTCB                              0x20000cd8   Data         184  main.o(.bss)
    LED1_TASK_STK                            0x20000d90   Data         512  main.o(.bss)
    FloatTaskTCB                             0x20000f90   Data         184  main.o(.bss)
    FLOAT_TASK_STK                           0x20001048   Data         512  main.o(.bss)
    Mem_PoolHeap                             0x20001248   Data          72  lib_mem.o(.bss)
    Mem_Heap                                 0x20001290   Data        1024  lib_mem.o(.bss)
    CPU_Name                                 0x20001690   Data          16  cpu_core.o(.bss)
    OSCfg_IdleTaskStk                        0x200016a0   Data         512  os_cfg_app.o(.bss)
    OSCfg_ISRStk                             0x200018a0   Data         512  os_cfg_app.o(.bss)
    OSCfg_MsgPool                            0x20001aa0   Data        1600  os_cfg_app.o(.bss)
    OSCfg_StatTaskStk                        0x200020e0   Data         512  os_cfg_app.o(.bss)
    OSCfg_TickTaskStk                        0x200022e0   Data         512  os_cfg_app.o(.bss)
    OSCfg_TmrTaskStk                         0x200024e0   Data         512  os_cfg_app.o(.bss)
    OSIdleTaskTCB                            0x200026e0   Data         184  os_var.o(.bss)
    OSMsgPool                                0x20002798   Data          12  os_var.o(.bss)
    OSRdyList                                0x200027a4   Data         768  os_var.o(.bss)
    OSStatTaskTCB                            0x20002aa4   Data         184  os_var.o(.bss)
    OSTickTaskTCB                            0x20002b5c   Data         184  os_var.o(.bss)
    OSTmrMutex                               0x20002c14   Data          44  os_var.o(.bss)
    OSTmrTaskTCB                             0x20002c40   Data         184  os_var.o(.bss)
    __libspace_start                         0x20002cf8   Data          96  libspace.o(.bss)
    __temporary_stack_top$libspace           0x20002d58   Data           0  libspace.o(.bss)



==============================================================================

Memory Map of the image

  Image Entry point : 0x08000189

  Load Region LR_IROM1 (Base: 0x08000000, Size: 0x0000aeec, Max: 0x00100000, ABSOLUTE)

    Execution Region ER_IROM1 (Base: 0x08000000, Size: 0x0000ade8, Max: 0x00100000, ABSOLUTE)

    Base Addr    Size         Type   Attr      Idx    E Section Name        Object

    0x08000000   0x00000188   Data   RO          136    RESET               startup_stm32f40_41xxx.o
    0x08000188   0x00000008   Code   RO          897  * !!!main             c_w.l(__main.o)
    0x08000190   0x00000034   Code   RO         1225    !!!scatter          c_w.l(__scatter.o)
    0x080001c4   0x0000001a   Code   RO         1227    !!handler_copy      c_w.l(__scatter_copy.o)
    0x080001de   0x00000002   PAD
    0x080001e0   0x0000001c   Code   RO         1229    !!handler_zi        c_w.l(__scatter_zi.o)
    0x080001fc   0x00000000   Code   RO          987    .ARM.Collect$$_printf_percent$$00000000  c_w.l(_printf_percent.o)
    0x080001fc   0x00000006   Code   RO          976    .ARM.Collect$$_printf_percent$$00000001  c_w.l(_printf_n.o)
    0x08000202   0x00000006   Code   RO          978    .ARM.Collect$$_printf_percent$$00000002  c_w.l(_printf_p.o)
    0x08000208   0x00000006   Code   RO          983    .ARM.Collect$$_printf_percent$$00000003  c_w.l(_printf_f.o)
    0x0800020e   0x00000006   Code   RO          984    .ARM.Collect$$_printf_percent$$00000004  c_w.l(_printf_e.o)
    0x08000214   0x00000006   Code   RO          985    .ARM.Collect$$_printf_percent$$00000005  c_w.l(_printf_g.o)
    0x0800021a   0x00000006   Code   RO          986    .ARM.Collect$$_printf_percent$$00000006  c_w.l(_printf_a.o)
    0x08000220   0x0000000a   Code   RO          991    .ARM.Collect$$_printf_percent$$00000007  c_w.l(_printf_ll.o)
    0x0800022a   0x00000006   Code   RO          980    .ARM.Collect$$_printf_percent$$00000008  c_w.l(_printf_i.o)
    0x08000230   0x00000006   Code   RO          981    .ARM.Collect$$_printf_percent$$00000009  c_w.l(_printf_d.o)
    0x08000236   0x00000006   Code   RO          982    .ARM.Collect$$_printf_percent$$0000000A  c_w.l(_printf_u.o)
    0x0800023c   0x00000006   Code   RO          979    .ARM.Collect$$_printf_percent$$0000000B  c_w.l(_printf_o.o)
    0x08000242   0x00000006   Code   RO          977    .ARM.Collect$$_printf_percent$$0000000C  c_w.l(_printf_x.o)
    0x08000248   0x00000006   Code   RO          988    .ARM.Collect$$_printf_percent$$0000000D  c_w.l(_printf_lli.o)
    0x0800024e   0x00000006   Code   RO          989    .ARM.Collect$$_printf_percent$$0000000E  c_w.l(_printf_lld.o)
    0x08000254   0x00000006   Code   RO          990    .ARM.Collect$$_printf_percent$$0000000F  c_w.l(_printf_llu.o)
    0x0800025a   0x00000006   Code   RO          995    .ARM.Collect$$_printf_percent$$00000010  c_w.l(_printf_llo.o)
    0x08000260   0x00000006   Code   RO          996    .ARM.Collect$$_printf_percent$$00000011  c_w.l(_printf_llx.o)
    0x08000266   0x0000000a   Code   RO          992    .ARM.Collect$$_printf_percent$$00000012  c_w.l(_printf_l.o)
    0x08000270   0x00000006   Code   RO          974    .ARM.Collect$$_printf_percent$$00000013  c_w.l(_printf_c.o)
    0x08000276   0x00000006   Code   RO          975    .ARM.Collect$$_printf_percent$$00000014  c_w.l(_printf_s.o)
    0x0800027c   0x00000006   Code   RO          993    .ARM.Collect$$_printf_percent$$00000015  c_w.l(_printf_lc.o)
    0x08000282   0x00000006   Code   RO          994    .ARM.Collect$$_printf_percent$$00000016  c_w.l(_printf_ls.o)
    0x08000288   0x00000004   Code   RO         1033    .ARM.Collect$$_printf_percent$$00000017  c_w.l(_printf_percent_end.o)
    0x0800028c   0x00000002   Code   RO         1086    .ARM.Collect$$libinit$$00000000  c_w.l(libinit.o)
    0x0800028e   0x00000004   Code   RO         1107    .ARM.Collect$$libinit$$00000001  c_w.l(libinit2.o)
    0x08000292   0x00000000   Code   RO         1110    .ARM.Collect$$libinit$$00000004  c_w.l(libinit2.o)
    0x08000292   0x00000000   Code   RO         1113    .ARM.Collect$$libinit$$0000000A  c_w.l(libinit2.o)
    0x08000292   0x00000000   Code   RO         1115    .ARM.Collect$$libinit$$0000000C  c_w.l(libinit2.o)
    0x08000292   0x00000000   Code   RO         1117    .ARM.Collect$$libinit$$0000000E  c_w.l(libinit2.o)
    0x08000292   0x00000006   Code   RO         1118    .ARM.Collect$$libinit$$0000000F  c_w.l(libinit2.o)
    0x08000298   0x00000000   Code   RO         1120    .ARM.Collect$$libinit$$00000011  c_w.l(libinit2.o)
    0x08000298   0x0000000c   Code   RO         1121    .ARM.Collect$$libinit$$00000012  c_w.l(libinit2.o)
    0x080002a4   0x00000000   Code   RO         1122    .ARM.Collect$$libinit$$00000013  c_w.l(libinit2.o)
    0x080002a4   0x00000000   Code   RO         1124    .ARM.Collect$$libinit$$00000015  c_w.l(libinit2.o)
    0x080002a4   0x0000000a   Code   RO         1125    .ARM.Collect$$libinit$$00000016  c_w.l(libinit2.o)
    0x080002ae   0x00000000   Code   RO         1126    .ARM.Collect$$libinit$$00000017  c_w.l(libinit2.o)
    0x080002ae   0x00000000   Code   RO         1128    .ARM.Collect$$libinit$$00000019  c_w.l(libinit2.o)
    0x080002ae   0x00000000   Code   RO         1130    .ARM.Collect$$libinit$$0000001B  c_w.l(libinit2.o)
    0x080002ae   0x00000000   Code   RO         1132    .ARM.Collect$$libinit$$0000001D  c_w.l(libinit2.o)
    0x080002ae   0x00000000   Code   RO         1134    .ARM.Collect$$libinit$$0000001F  c_w.l(libinit2.o)
    0x080002ae   0x00000000   Code   RO         1136    .ARM.Collect$$libinit$$00000021  c_w.l(libinit2.o)
    0x080002ae   0x00000000   Code   RO         1138    .ARM.Collect$$libinit$$00000023  c_w.l(libinit2.o)
    0x080002ae   0x00000000   Code   RO         1140    .ARM.Collect$$libinit$$00000025  c_w.l(libinit2.o)
    0x080002ae   0x00000000   Code   RO         1144    .ARM.Collect$$libinit$$0000002C  c_w.l(libinit2.o)
    0x080002ae   0x00000000   Code   RO         1146    .ARM.Collect$$libinit$$0000002E  c_w.l(libinit2.o)
    0x080002ae   0x00000000   Code   RO         1148    .ARM.Collect$$libinit$$00000030  c_w.l(libinit2.o)
    0x080002ae   0x00000000   Code   RO         1150    .ARM.Collect$$libinit$$00000032  c_w.l(libinit2.o)
    0x080002ae   0x00000002   Code   RO         1151    .ARM.Collect$$libinit$$00000033  c_w.l(libinit2.o)
    0x080002b0   0x00000002   Code   RO         1182    .ARM.Collect$$libshutdown$$00000000  c_w.l(libshutdown.o)
    0x080002b2   0x00000000   Code   RO         1208    .ARM.Collect$$libshutdown$$00000002  c_w.l(libshutdown2.o)
    0x080002b2   0x00000000   Code   RO         1210    .ARM.Collect$$libshutdown$$00000004  c_w.l(libshutdown2.o)
    0x080002b2   0x00000000   Code   RO         1213    .ARM.Collect$$libshutdown$$00000007  c_w.l(libshutdown2.o)
    0x080002b2   0x00000000   Code   RO         1216    .ARM.Collect$$libshutdown$$0000000A  c_w.l(libshutdown2.o)
    0x080002b2   0x00000000   Code   RO         1218    .ARM.Collect$$libshutdown$$0000000C  c_w.l(libshutdown2.o)
    0x080002b2   0x00000000   Code   RO         1221    .ARM.Collect$$libshutdown$$0000000F  c_w.l(libshutdown2.o)
    0x080002b2   0x00000002   Code   RO         1222    .ARM.Collect$$libshutdown$$00000010  c_w.l(libshutdown2.o)
    0x080002b4   0x00000000   Code   RO          901    .ARM.Collect$$rtentry$$00000000  c_w.l(__rtentry.o)
    0x080002b4   0x00000000   Code   RO         1005    .ARM.Collect$$rtentry$$00000002  c_w.l(__rtentry2.o)
    0x080002b4   0x00000006   Code   RO         1017    .ARM.Collect$$rtentry$$00000004  c_w.l(__rtentry4.o)
    0x080002ba   0x00000000   Code   RO         1007    .ARM.Collect$$rtentry$$00000009  c_w.l(__rtentry2.o)
    0x080002ba   0x00000004   Code   RO         1008    .ARM.Collect$$rtentry$$0000000A  c_w.l(__rtentry2.o)
    0x080002be   0x00000000   Code   RO         1010    .ARM.Collect$$rtentry$$0000000C  c_w.l(__rtentry2.o)
    0x080002be   0x00000008   Code   RO         1011    .ARM.Collect$$rtentry$$0000000D  c_w.l(__rtentry2.o)
    0x080002c6   0x00000002   Code   RO         1094    .ARM.Collect$$rtexit$$00000000  c_w.l(rtexit.o)
    0x080002c8   0x00000000   Code   RO         1155    .ARM.Collect$$rtexit$$00000002  c_w.l(rtexit2.o)
    0x080002c8   0x00000004   Code   RO         1156    .ARM.Collect$$rtexit$$00000003  c_w.l(rtexit2.o)
    0x080002cc   0x00000006   Code   RO         1157    .ARM.Collect$$rtexit$$00000004  c_w.l(rtexit2.o)
    0x080002d2   0x00000002   PAD
    0x080002d4   0x00000210   Code   RO            4    .text               system_stm32f4xx.o
    0x080004e4   0x00000040   Code   RO          137    .text               startup_stm32f40_41xxx.o
    0x08000524   0x000000e0   Code   RO          144    .text               misc.o
    0x08000604   0x00000294   Code   RO          191    .text               stm32f4xx_gpio.o
    0x08000898   0x0000065c   Code   RO          215    .text               stm32f4xx_rcc.o
    0x08000ef4   0x00000454   Code   RO          241    .text               stm32f4xx_usart.o
    0x08001348   0x00000138   Code   RO          265    .text               usart.o
    0x08001480   0x00000148   Code   RO          302    .text               delay.o
    0x080015c8   0x0000005c   Code   RO          409    .text               led.o
    0x08001624   0x00000274   Code   RO          436    .text               main.o
    0x08001898   0x00000016   Code   RO          464    .text               stm32f4xx_it.o
    0x080018ae   0x00000002   PAD
    0x080018b0   0x00000084   Code   RO          491    .text               bsp.o
    0x08001934   0x0000026c   Code   RO          533    .text               os_cpu_c.o
    0x08001ba0   0x00000256   Code   RO          551    .text               lib_ascii.o
    0x08001df6   0x00000002   PAD
    0x08001df8   0x000009c6   Code   RO          584    .text               lib_mem.o
    0x080027be   0x00000002   PAD
    0x080027c0   0x0000092c   Code   RO          603    .text               lib_str.o
    0x080030ec   0x00000220   Code   RO          620    .text               lib_mem_a.o
    0x0800330c   0x000002a8   Code   RO          623    .text               cpu_core.o
    0x080035b4   0x00000034   Code   RO          655    .text               cpu_a.o
    0x080035e8   0x00000002   Code   RO          658    .text               os_cfg_app.o
    0x080035ea   0x00000002   PAD
    0x080035ec   0x00000b92   Code   RO          681    .text               os_core.o
    0x0800417e   0x00000002   PAD
    0x08004180   0x000001a8   Code   RO          697    .text               os_dbg.o
    0x08004328   0x00000aec   Code   RO          712    .text               os_flag.o
    0x08004e14   0x000001fc   Code   RO          730    .text               os_mem.o
    0x08005010   0x00000228   Code   RO          742    .text               os_msg.o
    0x08005238   0x0000078c   Code   RO          754    .text               os_mutex.o
    0x080059c4   0x0000007c   Code   RO          772    .text               os_prio.o
    0x08005a40   0x000006d8   Code   RO          791    .text               os_q.o
    0x08006118   0x000006e8   Code   RO          803    .text               os_sem.o
    0x08006800   0x000005a8   Code   RO          815    .text               os_stat.o
    0x08006da8   0x000012c8   Code   RO          827    .text               os_task.o
    0x08008070   0x00000428   Code   RO          839    .text               os_tick.o
    0x08008498   0x0000042c   Code   RO          851    .text               os_time.o
    0x080088c4   0x000006e0   Code   RO          863    .text               os_tmr.o
    0x08008fa4   0x000000ee   Code   RO          891    .text               c_w.l(lludivv7m.o)
    0x08009092   0x00000002   PAD
    0x08009094   0x00000024   Code   RO          893    .text               c_w.l(c89vsprintf.o)
    0x080090b8   0x00000006   Code   RO          895    .text               c_w.l(heapauxi.o)
    0x080090be   0x0000004e   Code   RO          908    .text               c_w.l(_printf_pad.o)
    0x0800910c   0x00000024   Code   RO          910    .text               c_w.l(_printf_truncate.o)
    0x08009130   0x00000052   Code   RO          912    .text               c_w.l(_printf_str.o)
    0x08009182   0x00000002   PAD
    0x08009184   0x00000078   Code   RO          914    .text               c_w.l(_printf_dec.o)
    0x080091fc   0x00000028   Code   RO          916    .text               c_w.l(_printf_charcount.o)
    0x08009224   0x00000030   Code   RO          918    .text               c_w.l(_printf_char_common.o)
    0x08009254   0x0000000a   Code   RO          920    .text               c_w.l(_sputc.o)
    0x0800925e   0x00000002   PAD
    0x08009260   0x000000bc   Code   RO          922    .text               c_w.l(_printf_wctomb.o)
    0x0800931c   0x0000007c   Code   RO          925    .text               c_w.l(_printf_longlong_dec.o)
    0x08009398   0x00000070   Code   RO          931    .text               c_w.l(_printf_oct_int_ll.o)
    0x08009408   0x00000094   Code   RO          951    .text               c_w.l(_printf_hex_int_ll_ptr.o)
    0x0800949c   0x00000188   Code   RO          971    .text               c_w.l(__printf_flags_ss_wp.o)
    0x08009624   0x0000008a   Code   RO         1021    .text               c_w.l(lludiv10.o)
    0x080096ae   0x000000b2   Code   RO         1023    .text               c_w.l(_printf_intcommon.o)
    0x08009760   0x0000041a   Code   RO         1025    .text               c_w.l(_printf_fp_dec.o)
    0x08009b7a   0x0000002c   Code   RO         1029    .text               c_w.l(_printf_char.o)
    0x08009ba6   0x0000002c   Code   RO         1031    .text               c_w.l(_printf_wchar.o)
    0x08009bd2   0x00000040   Code   RO         1034    .text               c_w.l(_wcrtomb.o)
    0x08009c12   0x0000004a   Code   RO         1036    .text               c_w.l(sys_stackheap_outer.o)
    0x08009c5c   0x00000010   Code   RO         1038    .text               c_w.l(rt_ctype_table.o)
    0x08009c6c   0x00000008   Code   RO         1043    .text               c_w.l(rt_locale_intlibspace.o)
    0x08009c74   0x00000080   Code   RO         1045    .text               c_w.l(_printf_fp_infnan.o)
    0x08009cf4   0x000000dc   Code   RO         1047    .text               c_w.l(bigflt0.o)
    0x08009dd0   0x00000012   Code   RO         1075    .text               c_w.l(exit.o)
    0x08009de2   0x00000002   PAD
    0x08009de4   0x00000008   Code   RO         1091    .text               c_w.l(libspace.o)
    0x08009dec   0x00000080   Code   RO         1105    .text               c_w.l(strcmpv7m.o)
    0x08009e6c   0x0000000c   Code   RO         1152    .text               c_w.l(sys_exit.o)
    0x08009e78   0x00000002   Code   RO         1171    .text               c_w.l(use_no_semi.o)
    0x08009e7a   0x00000000   Code   RO         1173    .text               c_w.l(indicate_semi.o)
    0x08009e7a   0x0000003e   Code   RO         1050    CL$$btod_d2e        c_w.l(btod.o)
    0x08009eb8   0x00000046   Code   RO         1052    CL$$btod_d2e_denorm_low  c_w.l(btod.o)
    0x08009efe   0x00000060   Code   RO         1051    CL$$btod_d2e_norm_op1  c_w.l(btod.o)
    0x08009f5e   0x00000338   Code   RO         1060    CL$$btod_div_common  c_w.l(btod.o)
    0x0800a296   0x000000c6   Code   RO         1057    CL$$btod_e2e        c_w.l(btod.o)
    0x0800a35c   0x00000028   Code   RO         1054    CL$$btod_ediv       c_w.l(btod.o)
    0x0800a384   0x00000028   Code   RO         1053    CL$$btod_emul       c_w.l(btod.o)
    0x0800a3ac   0x00000244   Code   RO         1059    CL$$btod_mult_common  c_w.l(btod.o)
    0x0800a5f0   0x000000ac   Code   RO          530    CODE                os_cpu_a.o
    0x0800a69c   0x00000030   Code   RO         1089    i.__ARM_fpclassify  m_wm.l(fpclassify.o)
    0x0800a6cc   0x0000000e   Code   RO          964    i._is_digit         c_w.l(__printf_wp.o)
    0x0800a6da   0x00000002   PAD
    0x0800a6dc   0x0000002c   Code   RO         1073    locale$$code        c_w.l(lc_numeric_c.o)
    0x0800a708   0x0000002c   Code   RO         1099    locale$$code        c_w.l(lc_ctype_c.o)
    0x0800a734   0x0000000c   Code   RO          997    x$fpl$dretinf       fz_wm.l(dretinf.o)
    0x0800a740   0x00000056   Code   RO          899    x$fpl$f2d           fz_wm.l(f2d.o)
    0x0800a796   0x0000008c   Code   RO          999    x$fpl$fnaninf       fz_wm.l(fnaninf.o)
    0x0800a822   0x0000000a   Code   RO         1167    x$fpl$fpinit        fz_wm.l(fpinit.o)
    0x0800a82c   0x00000004   Code   RO         1001    x$fpl$printf1       fz_wm.l(printf1.o)
    0x0800a830   0x00000000   Code   RO         1003    x$fpl$usenofp       fz_wm.l(usenofp.o)
    0x0800a830   0x00000094   Data   RO          604    .constdata          lib_str.o
    0x0800a8c4   0x00000104   Data   RO          625    .constdata          cpu_core.o
    0x0800a9c8   0x00000094   Data   RO          660    .constdata          os_cfg_app.o
    0x0800aa5c   0x00000168   Data   RO          698    .constdata          os_dbg.o
    0x0800abc4   0x00000008   Data   RO          923    .constdata          c_w.l(_printf_wctomb.o)
    0x0800abcc   0x00000028   Data   RO          952    .constdata          c_w.l(_printf_hex_int_ll_ptr.o)
    0x0800abf4   0x00000011   Data   RO          972    .constdata          c_w.l(__printf_flags_ss_wp.o)
    0x0800ac05   0x00000003   PAD
    0x0800ac08   0x00000094   Data   RO         1048    .constdata          c_w.l(bigflt0.o)
    0x0800ac9c   0x00000020   Data   RO         1223    Region$$Table       anon$$obj.o
    0x0800acbc   0x0000001c   Data   RO         1072    locale$$data        c_w.l(lc_numeric_c.o)
    0x0800acd8   0x00000110   Data   RO         1098    locale$$data        c_w.l(lc_ctype_c.o)


    Execution Region RW_IRAM1 (Base: 0x20000000, Size: 0x00003358, Max: 0x00020000, ABSOLUTE)

    Base Addr    Size         Type   Attr      Idx    E Section Name        Object

    0x20000000   0x00000014   Data   RW            5    .data               system_stm32f4xx.o
    0x20000014   0x00000010   Data   RW          216    .data               stm32f4xx_rcc.o
    0x20000024   0x00000004   Data   RW          303    .data               delay.o
    0x20000028   0x00000004   Data   RW          438    .data               main.o
    0x2000002c   0x00000004   Data   RW          534    .data               os_cpu_c.o
    0x20000030   0x00000004   Data   RW          586    .data               lib_mem.o
    0x20000034   0x00000004   Data   RW          626    .data               cpu_core.o
    0x20000038   0x00000008   Data   RW          773    .data               os_prio.o
    0x20000040   0x000000c4   Data   RW          876    .data               os_var.o
    0x20000104   0x00000064   Zero   RW          266    .bss                usart.o
    0x20000168   0x000010e0   Zero   RW          437    .bss                main.o
    0x20001248   0x00000448   Zero   RW          585    .bss                lib_mem.o
    0x20001690   0x00000010   Zero   RW          624    .bss                cpu_core.o
    0x200016a0   0x00001040   Zero   RW          659    .bss                os_cfg_app.o
    0x200026e0   0x00000618   Zero   RW          875    .bss                os_var.o
    0x20002cf8   0x00000060   Zero   RW         1092    .bss                c_w.l(libspace.o)
    0x20002d58   0x00000200   Zero   RW          135    HEAP                startup_stm32f40_41xxx.o
    0x20002f58   0x00000400   Zero   RW          134    STACK               startup_stm32f40_41xxx.o


==============================================================================

Image component sizes


      Code (inc. data)   RO Data    RW Data    ZI Data      Debug   Object Name

       132         14          0          0          0       1207   bsp.o
        52          0          0          0          0        268   cpu_a.o
       680         14        260          4         16       6911   cpu_core.o
       328         24          0          4          0      39332   delay.o
        92         10          0          0          0        613   led.o
       598          0          0          0          0       3956   lib_ascii.o
      2502         32          0          4       1096      22288   lib_mem.o
       544          0          0          0          0        456   lib_mem_a.o
      2348          6        148          0          0      13870   lib_str.o
       628        124          0          4       4320       2463   main.o
       224         20          0          0          0     239577   misc.o
         2          0        148          0       4160      19135   os_cfg_app.o
      2962        212          0          0          0      28339   os_core.o
       172         34          0          0          0        316   os_cpu_a.o
       620         64          0          4          0       3641   os_cpu_c.o
       424        278        360          0          0       4705   os_dbg.o
      2796         86          0          0          0       7955   os_flag.o
       508         16          0          0          0       2852   os_mem.o
       552         14          0          0          0       2718   os_msg.o
      1932         84          0          0          0       5482   os_mutex.o
       124          4          0          8          0       1880   os_prio.o
      1752         58          0          0          0       6368   os_q.o
      1768         58          0          0          0       6420   os_sem.o
      1448        150          0          0          0       2785   os_stat.o
      4808        176          0          0          0      13166   os_task.o
      1064         66          0          0          0       3816   os_tick.o
      1068         44          0          0          0       3177   os_time.o
      1760        156          0          0          0       6287   os_tmr.o
         0          0          0        196       1560      17784   os_var.o
        64         26        392          0       1536        820   startup_stm32f40_41xxx.o
       660         44          0          0          0       4141   stm32f4xx_gpio.o
        22          0          0          0          0       1043   stm32f4xx_it.o
      1628         52          0         16          0      13068   stm32f4xx_rcc.o
      1108         34          0          0          0       7864   stm32f4xx_usart.o
       528         46          0         20          0      34575   system_stm32f4xx.o
       312         26          0          0        100       3719   usart.o

    ----------------------------------------------------------------------
     36220       1972       1340        260      12788     532997   Object Totals
         0          0         32          0          0          0   (incl. Generated)
        10          0          0          0          0          0   (incl. Padding)

    ----------------------------------------------------------------------

      Code (inc. data)   RO Data    RW Data    ZI Data      Debug   Library Member Name

         8          0          0          0          0         68   __main.o
       392          4         17          0          0         92   __printf_flags_ss_wp.o
        14          0          0          0          0         68   __printf_wp.o
         0          0          0          0          0          0   __rtentry.o
        12          0          0          0          0          0   __rtentry2.o
         6          0          0          0          0          0   __rtentry4.o
        52          8          0          0          0          0   __scatter.o
        26          0          0          0          0          0   __scatter_copy.o
        28          0          0          0          0          0   __scatter_zi.o
         6          0          0          0          0          0   _printf_a.o
         6          0          0          0          0          0   _printf_c.o
        44          0          0          0          0        108   _printf_char.o
        48          6          0          0          0         96   _printf_char_common.o
        40          0          0          0          0         68   _printf_charcount.o
         6          0          0          0          0          0   _printf_d.o
       120         16          0          0          0         92   _printf_dec.o
         6          0          0          0          0          0   _printf_e.o
         6          0          0          0          0          0   _printf_f.o
      1050          0          0          0          0        216   _printf_fp_dec.o
       128         16          0          0          0         84   _printf_fp_infnan.o
         6          0          0          0          0          0   _printf_g.o
       148          4         40          0          0        160   _printf_hex_int_ll_ptr.o
         6          0          0          0          0          0   _printf_i.o
       178          0          0          0          0         88   _printf_intcommon.o
        10          0          0          0          0          0   _printf_l.o
         6          0          0          0          0          0   _printf_lc.o
        10          0          0          0          0          0   _printf_ll.o
         6          0          0          0          0          0   _printf_lld.o
         6          0          0          0          0          0   _printf_lli.o
         6          0          0          0          0          0   _printf_llo.o
         6          0          0          0          0          0   _printf_llu.o
         6          0          0          0          0          0   _printf_llx.o
       124         16          0          0          0         92   _printf_longlong_dec.o
         6          0          0          0          0          0   _printf_ls.o
         6          0          0          0          0          0   _printf_n.o
         6          0          0          0          0          0   _printf_o.o
       112          8          0          0          0        124   _printf_oct_int_ll.o
         6          0          0          0          0          0   _printf_p.o
        78          0          0          0          0        108   _printf_pad.o
         0          0          0          0          0          0   _printf_percent.o
         4          0          0          0          0          0   _printf_percent_end.o
         6          0          0          0          0          0   _printf_s.o
        82          0          0          0          0         80   _printf_str.o
        36          0          0          0          0         84   _printf_truncate.o
         6          0          0          0          0          0   _printf_u.o
        44          0          0          0          0        108   _printf_wchar.o
       188          6          8          0          0         92   _printf_wctomb.o
         6          0          0          0          0          0   _printf_x.o
        10          0          0          0          0         68   _sputc.o
        64          0          0          0          0         92   _wcrtomb.o
       220          4        148          0          0         96   bigflt0.o
      1910        128          0          0          0        672   btod.o
        36          4          0          0          0         76   c89vsprintf.o
        18          0          0          0          0         80   exit.o
         6          0          0          0          0        152   heapauxi.o
         0          0          0          0          0          0   indicate_semi.o
        44         10        272          0          0         76   lc_ctype_c.o
        44         10         28          0          0         76   lc_numeric_c.o
         2          0          0          0          0          0   libinit.o
        34          0          0          0          0          0   libinit2.o
         2          0          0          0          0          0   libshutdown.o
         2          0          0          0          0          0   libshutdown2.o
         8          4          0          0         96         68   libspace.o
       138          0          0          0          0         80   lludiv10.o
       238          0          0          0          0        100   lludivv7m.o
        16          4          0          0          0         76   rt_ctype_table.o
         8          4          0          0          0         68   rt_locale_intlibspace.o
         2          0          0          0          0          0   rtexit.o
        10          0          0          0          0          0   rtexit2.o
       128          0          0          0          0         68   strcmpv7m.o
        12          4          0          0          0         68   sys_exit.o
        74          0          0          0          0         80   sys_stackheap_outer.o
         2          0          0          0          0         68   use_no_semi.o
        12          0          0          0          0        116   dretinf.o
        86          4          0          0          0        132   f2d.o
       140          4          0          0          0        132   fnaninf.o
        10          0          0          0          0        116   fpinit.o
         4          0          0          0          0        116   printf1.o
         0          0          0          0          0          0   usenofp.o
        48          0          0          0          0        124   fpclassify.o

    ----------------------------------------------------------------------
      6444        264        516          0         96       4628   Library Totals
        14          0          3          0          0          0   (incl. Padding)

    ----------------------------------------------------------------------

      Code (inc. data)   RO Data    RW Data    ZI Data      Debug   Library Name

      6130        256        513          0         96       3892   c_w.l
       252          8          0          0          0        612   fz_wm.l
        48          0          0          0          0        124   m_wm.l

    ----------------------------------------------------------------------
      6444        264        516          0         96       4628   Library Totals

    ----------------------------------------------------------------------

==============================================================================


      Code (inc. data)   RO Data    RW Data    ZI Data      Debug   

     42664       2236       1856        260      12884     527645   Grand Totals
     42664       2236       1856        260      12884     527645   ELF Image Totals
     42664       2236       1856        260          0          0   ROM Totals

==============================================================================

    Total RO  Size (Code + RO Data)                44520 (  43.48kB)
    Total RW  Size (RW Data + ZI Data)             13144 (  12.84kB)
    Total ROM Size (Code + RO Data + RW Data)      44780 (  43.73kB)

==============================================================================

